This is pdfTeX, Version 3.141592653-2.6-1.40.28 (MiKTeX 25.12) (preloaded format=pdflatex 2026.5.25)  30 SEP 2026 17:11
entering extended mode
 restricted \write18 enabled.
 %&-line parsing enabled.
**./main.tex
(main.tex
LaTeX2e <2025-11-01>
L3 programming layer <2025-12-24>
(C:\Users\bdgou\AppData\Local\Programs\MiKTeX\tex/latex/base\article.cls
Document Class: article 2025/01/22 v1.4n Standard LaTeX document class
(C:\Users\bdgou\AppData\Local\Programs\MiKTeX\tex/latex/base\size11.clo
File: size11.clo 2025/01/22 v1.4n Standard LaTeX file (size option)
)
\c@part=\count275
\c@section=\count276
\c@subsection=\count277
\c@subsubsection=\count278
\c@paragraph=\count279
\c@subparagraph=\count280
\c@figure=\count281
\c@table=\count282
\abovecaptionskip=\skip49
\belowcaptionskip=\skip50
\bibindent=\dimen148
)
(C:\Users\bdgou\AppData\Local\Programs\MiKTeX\tex/latex/geometry\geometry.sty
Package: geometry 2026/03/07 v6.0 Page Geometry

(C:\Users\bdgou\AppData\Local\Programs\MiKTeX\tex/latex/graphics\keyval.sty
Package: keyval 2022/05/29 v1.15 key=value parser (DPC)
\KV@toks@=\toks17
)
(C:\Users\bdgou\AppData\Local\Programs\MiKTeX\tex/generic/iftex\ifvtex.sty
Package: ifvtex 2019/10/25 v1.7 ifvtex legacy package. Use iftex instead.

(C:\Users\bdgou\AppData\Local\Programs\MiKTeX\tex/generic/iftex\iftex.sty
Package: iftex 2024/12/12 v1.0g TeX engine tests
))
\Gm@cnth=\count283
\Gm@cntv=\count284
\c@Gm@tempcnt=\count285
\Gm@bindingoffset=\dimen149
\Gm@wd@mp=\dimen150
\Gm@odd@mp=\dimen151
\Gm@even@mp=\dimen152
\Gm@layoutwidth=\dimen153
\Gm@layoutheight=\dimen154
\Gm@layouthoffset=\dimen155
\Gm@layoutvoffset=\dimen156
\Gm@dimlist=\toks18

(C:\Users\bdgou\AppData\Local\Programs\MiKTeX\tex/latex/geometry\geometry.cfg))
(C:\Users\bdgou\AppData\Local\Programs\MiKTeX\tex/latex/base\fontenc.sty
Package: fontenc 2025/07/18 v2.1d Standard LaTeX package
)
(C:\Users\bdgou\AppData\Local\Programs\MiKTeX\tex/latex/base\inputenc.sty
Package: inputenc 2024/02/08 v1.3d Input encoding file
\inpenc@prehook=\toks19
\inpenc@posthook=\toks20
)
(C:\Users\bdgou\AppData\Local\Programs\MiKTeX\tex/latex/lm\lmodern.sty
Package: lmodern 2015/05/01 v1.6.1 Latin Modern Fonts
LaTeX Font Info:    Overwriting symbol font `operators' in version `normal'
(Font)                  OT1/cmr/m/n --> OT1/lmr/m/n on input line 22.
LaTeX Font Info:    Overwriting symbol font `letters' in version `normal'
(Font)                  OML/cmm/m/it --> OML/lmm/m/it on input line 23.
LaTeX Font Info:    Overwriting symbol font `symbols' in version `normal'
(Font)                  OMS/cmsy/m/n --> OMS/lmsy/m/n on input line 24.
LaTeX Font Info:    Overwriting symbol font `largesymbols' in version `normal'
(Font)                  OMX/cmex/m/n --> OMX/lmex/m/n on input line 25.
LaTeX Font Info:    Overwriting symbol font `operators' in version `bold'
(Font)                  OT1/cmr/bx/n --> OT1/lmr/bx/n on input line 26.
LaTeX Font Info:    Overwriting symbol font `letters' in version `bold'
(Font)                  OML/cmm/b/it --> OML/lmm/b/it on input line 27.
LaTeX Font Info:    Overwriting symbol font `symbols' in version `bold'
(Font)                  OMS/cmsy/b/n --> OMS/lmsy/b/n on input line 28.
LaTeX Font Info:    Overwriting symbol font `largesymbols' in version `bold'
(Font)                  OMX/cmex/m/n --> OMX/lmex/m/n on input line 29.
LaTeX Font Info:    Overwriting math alphabet `\mathbf' in version `normal'
(Font)                  OT1/cmr/bx/n --> OT1/lmr/bx/n on input line 31.
LaTeX Font Info:    Overwriting math alphabet `\mathsf' in version `normal'
(Font)                  OT1/cmss/m/n --> OT1/lmss/m/n on input line 32.
LaTeX Font Info:    Overwriting math alphabet `\mathit' in version `normal'
(Font)                  OT1/cmr/m/it --> OT1/lmr/m/it on input line 33.
LaTeX Font Info:    Overwriting math alphabet `\mathtt' in version `normal'
(Font)                  OT1/cmtt/m/n --> OT1/lmtt/m/n on input line 34.
LaTeX Font Info:    Overwriting math alphabet `\mathbf' in version `bold'
(Font)                  OT1/cmr/bx/n --> OT1/lmr/bx/n on input line 35.
LaTeX Font Info:    Overwriting math alphabet `\mathsf' in version `bold'
(Font)                  OT1/cmss/bx/n --> OT1/lmss/bx/n on input line 36.
LaTeX Font Info:    Overwriting math alphabet `\mathit' in version `bold'
(Font)                  OT1/cmr/bx/it --> OT1/lmr/bx/it on input line 37.
LaTeX Font Info:    Overwriting math alphabet `\mathtt' in version `bold'
(Font)                  OT1/cmtt/m/n --> OT1/lmtt/m/n on input line 38.
)
(C:\Users\bdgou\AppData\Roaming\MiKTeX\tex/latex/microtype\microtype.sty
Package: microtype 2026/03/01 v3.2d Micro-typographical refinements (RS)

(C:\Users\bdgou\AppData\Local\Programs\MiKTeX\tex/latex/etoolbox\etoolbox.sty
Package: etoolbox 2025/10/02 v2.5m e-TeX tools for LaTeX (JAW)
\etb@tempcnta=\count286
)
\MT@toks=\toks21
\MT@tempbox=\box53
\MT@count=\count287
LaTeX Info: Redefining \noprotrusionifhmode on input line 1084.
LaTeX Info: Redefining \leftprotrusion on input line 1085.
\MT@prot@toks=\toks22
LaTeX Info: Redefining \rightprotrusion on input line 1104.
LaTeX Info: Redefining \textls on input line 1449.
\MT@outer@kern=\dimen157
LaTeX Info: Redefining \microtypecontext on input line 2053.
LaTeX Info: Redefining \textmicrotypecontext on input line 2070.
\MT@listname@count=\count288

(C:\Users\bdgou\AppData\Roaming\MiKTeX\tex/latex/microtype\microtype-pdftex.def
File: microtype-pdftex.def 2026/03/01 v3.2d Definitions specific to pdftex (RS)

LaTeX Info: Redefining \lsstyle on input line 944.
LaTeX Info: Redefining \lslig on input line 944.
\MT@outer@space=\skip51
)
Package microtype Info: Loading configuration file microtype.cfg.
 (C:\Users\bdgou\AppData\Roaming\MiKTeX\tex/latex/microtype\microtype.cfg
File: microtype.cfg 2026/03/01 v3.2d microtype main configuration file (RS)
)
LaTeX Info: Redefining \microtypesetup on input line 3065.
)
(C:\Users\bdgou\AppData\Local\Programs\MiKTeX\tex/latex/amsmath\amsmath.sty
Package: amsmath 2025/07/09 v2.17z AMS math features
\@mathmargin=\skip52

For additional information on amsmath, use the `?' option.
(C:\Users\bdgou\AppData\Local\Programs\MiKTeX\tex/latex/amsmath\amstext.sty
Package: amstext 2024/11/17 v2.01 AMS text

(C:\Users\bdgou\AppData\Local\Programs\MiKTeX\tex/latex/amsmath\amsgen.sty
File: amsgen.sty 1999/11/30 v2.0 generic functions
\@emptytoks=\toks23
\ex@=\dimen158
))
(C:\Users\bdgou\AppData\Local\Programs\MiKTeX\tex/latex/amsmath\amsbsy.sty
Package: amsbsy 1999/11/29 v1.2d Bold Symbols
\pmbraise@=\dimen159
)
(C:\Users\bdgou\AppData\Local\Programs\MiKTeX\tex/latex/amsmath\amsopn.sty
Package: amsopn 2022/04/08 v2.04 operator names
)
\inf@bad=\count289
LaTeX Info: Redefining \frac on input line 233.
\uproot@=\count290
\leftroot@=\count291
LaTeX Info: Redefining \overline on input line 398.
LaTeX Info: Redefining \colon on input line 409.
\classnum@=\count292
\DOTSCASE@=\count293
LaTeX Info: Redefining \ldots on input line 495.
LaTeX Info: Redefining \dots on input line 498.
LaTeX Info: Redefining \cdots on input line 619.
\Mathstrutbox@=\box54
\strutbox@=\box55
LaTeX Info: Redefining \big on input line 721.
LaTeX Info: Redefining \Big on input line 722.
LaTeX Info: Redefining \bigg on input line 723.
LaTeX Info: Redefining \Bigg on input line 724.
\big@size=\dimen160
LaTeX Font Info:    Redeclaring font encoding OML on input line 742.
LaTeX Font Info:    Redeclaring font encoding OMS on input line 743.
\macc@depth=\count294
LaTeX Info: Redefining \bmod on input line 904.
LaTeX Info: Redefining \pmod on input line 909.
LaTeX Info: Redefining \smash on input line 939.
LaTeX Info: Redefining \relbar on input line 969.
LaTeX Info: Redefining \Relbar on input line 970.
\c@MaxMatrixCols=\count295
\dotsspace@=\muskip17
\c@parentequation=\count296
\dspbrk@lvl=\count297
\tag@help=\toks24
\row@=\count298
\column@=\count299
\maxfields@=\count300
\andhelp@=\toks25
\eqnshift@=\dimen161
\alignsep@=\dimen162
\tagshift@=\dimen163
\tagwidth@=\dimen164
\totwidth@=\dimen165
\lineht@=\dimen166
\@envbody=\toks26
\multlinegap=\skip53
\multlinetaggap=\skip54
\mathdisplay@stack=\toks27
LaTeX Info: Redefining \[ on input line 2950.
LaTeX Info: Redefining \] on input line 2951.
)
(C:\Users\bdgou\AppData\Local\Programs\MiKTeX\tex/latex/amsfonts\amssymb.sty
Package: amssymb 2013/01/14 v3.01 AMS font symbols

(C:\Users\bdgou\AppData\Local\Programs\MiKTeX\tex/latex/amsfonts\amsfonts.sty
Package: amsfonts 2013/01/14 v3.01 Basic AMSFonts support
\symAMSa=\mathgroup4
\symAMSb=\mathgroup5
LaTeX Font Info:    Redeclaring math symbol \hbar on input line 98.
LaTeX Font Info:    Overwriting math alphabet `\mathfrak' in version `bold'
(Font)                  U/euf/m/n --> U/euf/b/n on input line 106.
)) (C:\Users\bdgou\AppData\Local\Programs\MiKTeX\tex/latex/graphics\graphicx.st
y
Package: graphicx 2024/12/31 v1.2e Enhanced LaTeX Graphics (DPC,SPQR)

(C:\Users\bdgou\AppData\Local\Programs\MiKTeX\tex/latex/graphics\graphics.sty
Package: graphics 2024/08/06 v1.4g Standard LaTeX Graphics (DPC,SPQR)

(C:\Users\bdgou\AppData\Local\Programs\MiKTeX\tex/latex/graphics\trig.sty
Package: trig 2023/12/02 v1.11 sin cos tan (DPC)
)
(C:\Users\bdgou\AppData\Local\Programs\MiKTeX\tex/latex/graphics-cfg\graphics.c
fg
File: graphics.cfg 2016/06/04 v1.11 sample graphics configuration
)
Package graphics Info: Driver file: pdftex.def on input line 106.

(C:\Users\bdgou\AppData\Local\Programs\MiKTeX\tex/latex/graphics-def\pdftex.def
File: pdftex.def 2025/09/29 v1.2d Graphics/color driver for pdftex
))
\Gin@req@height=\dimen167
\Gin@req@width=\dimen168
) (C:\Users\bdgou\AppData\Roaming\MiKTeX\tex/latex/booktabs\booktabs.sty
Package: booktabs 2020/01/12 v1.61803398 Publication quality tables
\heavyrulewidth=\dimen169
\lightrulewidth=\dimen170
\cmidrulewidth=\dimen171
\belowrulesep=\dimen172
\belowbottomsep=\dimen173
\aboverulesep=\dimen174
\abovetopsep=\dimen175
\cmidrulesep=\dimen176
\cmidrulekern=\dimen177
\defaultaddspace=\dimen178
\@cmidla=\count301
\@cmidlb=\count302
\@aboverulesep=\dimen179
\@belowrulesep=\dimen180
\@thisruleclass=\count303
\@lastruleclass=\count304
\@thisrulewidth=\dimen181
)
(C:\Users\bdgou\AppData\Local\Programs\MiKTeX\tex/latex/tools\longtable.sty
Package: longtable 2025-10-13 v4.24 Multi-page Table package (DPC)
\LTleft=\skip55
\LTright=\skip56
\LTpre=\skip57
\LTpost=\skip58
\LTchunksize=\count305
\LTcapwidth=\dimen182
\LT@head=\box56
\LT@firsthead=\box57
\LT@foot=\box58
\LT@lastfoot=\box59
\LT@gbox=\box60
\LT@cols=\count306
\LT@rows=\count307
\c@LT@tables=\count308
\c@LT@chunks=\count309
\LT@p@ftn=\toks28
)
(C:\Users\bdgou\AppData\Local\Programs\MiKTeX\tex/latex/tools\array.sty
Package: array 2025/09/25 v2.6n Tabular extension package (FMi)
\col@sep=\dimen183
\ar@mcellbox=\box61
\extrarowheight=\dimen184
\NC@list=\toks29
\extratabsurround=\skip59
\backup@length=\skip60
\ar@cellbox=\box62
)
(C:\Users\bdgou\AppData\Local\Programs\MiKTeX\tex/latex/tools\tabularx.sty
Package: tabularx 2023/12/11 v2.12a `tabularx' package (DPC)
\TX@col@width=\dimen185
\TX@old@table=\dimen186
\TX@old@col=\dimen187
\TX@target=\dimen188
\TX@delta=\dimen189
\TX@cols=\count310
\TX@ftn=\toks30
)
(C:\Users\bdgou\AppData\Local\Programs\MiKTeX\tex/latex/xcolor\xcolor.sty
Package: xcolor 2024/09/29 v3.02 LaTeX color extensions (UK)

(C:\Users\bdgou\AppData\Local\Programs\MiKTeX\tex/latex/graphics-cfg\color.cfg
File: color.cfg 2016/01/02 v1.6 sample color configuration
)
Package xcolor Info: Driver file: pdftex.def on input line 274.
(C:\Users\bdgou\AppData\Local\Programs\MiKTeX\tex/latex/graphics\mathcolor.ltx)
Package xcolor Info: Model `cmy' substituted by `cmy0' on input line 1349.
Package xcolor Info: Model `hsb' substituted by `rgb' on input line 1353.
Package xcolor Info: Model `RGB' extended on input line 1365.
Package xcolor Info: Model `HTML' substituted by `rgb' on input line 1367.
Package xcolor Info: Model `Hsb' substituted by `hsb' on input line 1368.
Package xcolor Info: Model `tHsb' substituted by `hsb' on input line 1369.
Package xcolor Info: Model `HSB' substituted by `hsb' on input line 1370.
Package xcolor Info: Model `Gray' substituted by `gray' on input line 1371.
Package xcolor Info: Model `wave' substituted by `hsb' on input line 1372.
) (C:\Users\bdgou\AppData\Local\Programs\MiKTeX\tex/latex/float\float.sty
Package: float 2001/11/08 v1.3d Float enhancements (AL)
\c@float@type=\count311
\float@exts=\toks31
\float@box=\box63
\@float@everytoks=\toks32
\@floatcapt=\box64
)
(C:\Users\bdgou\AppData\Roaming\MiKTeX\tex/latex/caption\caption.sty
Package: caption 2023/08/05 v3.6o Customizing captions (AR)

(C:\Users\bdgou\AppData\Roaming\MiKTeX\tex/latex/caption\caption3.sty
Package: caption3 2023/07/31 v2.4d caption3 kernel (AR)
\caption@tempdima=\dimen190
\captionmargin=\dimen191
\caption@leftmargin=\dimen192
\caption@rightmargin=\dimen193
\caption@width=\dimen194
\caption@indent=\dimen195
\caption@parindent=\dimen196
\caption@hangindent=\dimen197
Package caption Info: Standard document class detected.
)
\c@caption@flags=\count312
\c@continuedfloat=\count313
Package caption Info: float package is loaded.
Package caption Info: longtable package is loaded.

(C:\Users\bdgou\AppData\Roaming\MiKTeX\tex/latex/caption\ltcaption.sty
Package: ltcaption 2021/01/08 v1.4c longtable captions (AR)
))
(C:\Users\bdgou\AppData\Roaming\MiKTeX\tex/latex/caption\subcaption.sty
Package: subcaption 2023/07/28 v1.6b Sub-captions (AR)
Package caption Info: New subtype `subfigure' on input line 238.
\c@subfigure=\count314
Package caption Info: New subtype `subtable' on input line 238.
\c@subtable=\count315
)
(C:\Users\bdgou\AppData\Local\Programs\MiKTeX\tex/latex/fancyhdr\fancyhdr.sty
Package: fancyhdr 2025/02/07 v5.2 Extensive control of page headers and footers

\f@nch@headwidth=\skip61
\f@nch@offset@elh=\skip62
\f@nch@offset@erh=\skip63
\f@nch@offset@olh=\skip64
\f@nch@offset@orh=\skip65
\f@nch@offset@elf=\skip66
\f@nch@offset@erf=\skip67
\f@nch@offset@olf=\skip68
\f@nch@offset@orf=\skip69
\f@nch@height=\skip70
\f@nch@footalignment=\skip71
\f@nch@widthL=\skip72
\f@nch@widthC=\skip73
\f@nch@widthR=\skip74
\@temptokenb=\toks33
)
(C:\Users\bdgou\AppData\Local\Programs\MiKTeX\tex/latex/enumitem\enumitem.sty
Package: enumitem 2025/02/06 v3.11 Customized lists
\labelindent=\skip75
\enit@outerparindent=\dimen198
\enit@toks=\toks34
\enit@inbox=\box65
\enit@count@id=\count316
\enitdp@description=\count317
)
(C:\Users\bdgou\AppData\Roaming\MiKTeX\tex/latex/hyperref\hyperref.sty
Package: hyperref 2026-04-24 v7.01q Hypertext links for LaTeX

(C:\Users\bdgou\AppData\Local\Programs\MiKTeX\tex/latex/kvsetkeys\kvsetkeys.sty
Package: kvsetkeys 2022-10-05 v1.19 Key value parser (HO)
)
(C:\Users\bdgou\AppData\Local\Programs\MiKTeX\tex/generic/kvdefinekeys\kvdefine
keys.sty
Package: kvdefinekeys 2019-12-19 v1.6 Define keys (HO)
)
(C:\Users\bdgou\AppData\Local\Programs\MiKTeX\tex/generic/pdfescape\pdfescape.s
ty
Package: pdfescape 2019/12/09 v1.15 Implements pdfTeX's escape features (HO)

(C:\Users\bdgou\AppData\Local\Programs\MiKTeX\tex/generic/ltxcmds\ltxcmds.sty
Package: ltxcmds 2023-12-04 v1.26 LaTeX kernel commands for general use (HO)
)
(C:\Users\bdgou\AppData\Local\Programs\MiKTeX\tex/generic/pdftexcmds\pdftexcmds
.sty
Package: pdftexcmds 2020-06-27 v0.33 Utility functions of pdfTeX for LuaTeX (HO
)

(C:\Users\bdgou\AppData\Local\Programs\MiKTeX\tex/generic/infwarerr\infwarerr.s
ty
Package: infwarerr 2019/12/03 v1.5 Providing info/warning/error messages (HO)
)
Package pdftexcmds Info: \pdf@primitive is available.
Package pdftexcmds Info: \pdf@ifprimitive is available.
Package pdftexcmds Info: \pdfdraftmode found.
)) (C:\Users\bdgou\AppData\Roaming\MiKTeX\tex/latex/hycolor\hycolor.sty
Package: hycolor 2020-01-27 v1.10 Color options for hyperref/bookmark (HO)
)
(C:\Users\bdgou\AppData\Roaming\MiKTeX\tex/latex/hyperref\nameref.sty
Package: nameref 2026-01-29 v2.58 Cross-referencing by name of section

(C:\Users\bdgou\AppData\Roaming\MiKTeX\tex/latex/refcount\refcount.sty
Package: refcount 2019/12/15 v3.6 Data extraction from label references (HO)
)
(C:\Users\bdgou\AppData\Roaming\MiKTeX\tex/latex/gettitlestring\gettitlestring.
sty
Package: gettitlestring 2019/12/15 v1.6 Cleanup title references (HO)
 (C:\Users\bdgou\AppData\Roaming\MiKTeX\tex/latex/kvoptions\kvoptions.sty
Package: kvoptions 2022-06-15 v3.15 Key value format for package options (HO)
))
\c@section@level=\count318
) (C:\Users\bdgou\AppData\Roaming\MiKTeX\tex/latex/stringenc\stringenc.sty
Package: stringenc 2019/11/29 v1.12 Convert strings between diff. encodings (HO
)
)
\@linkdim=\dimen199
\Hy@linkcounter=\count319
\Hy@pagecounter=\count320

(C:\Users\bdgou\AppData\Roaming\MiKTeX\tex/latex/hyperref\pd1enc.def
File: pd1enc.def 2026-04-24 v7.01q Hyperref: PDFDocEncoding definition (HO)
Now handling font encoding PD1 ...
... no UTF-8 mapping file for font encoding PD1
)
(C:\Users\bdgou\AppData\Roaming\MiKTeX\tex/latex/intcalc\intcalc.sty
Package: intcalc 2019/12/15 v1.3 Expandable calculations with integers (HO)
)
\Hy@SavedSpaceFactor=\count321

(C:\Users\bdgou\AppData\Roaming\MiKTeX\tex/latex/hyperref\puenc.def
File: puenc.def 2026-04-24 v7.01q Hyperref: PDF Unicode definition (HO)
Now handling font encoding PU ...
... no UTF-8 mapping file for font encoding PU
)
Package hyperref Info: Hyper figures OFF on input line 4199.
Package hyperref Info: Link nesting OFF on input line 4204.
Package hyperref Info: Hyper index ON on input line 4207.
Package hyperref Info: Plain pages OFF on input line 4214.
Package hyperref Info: Backreferencing OFF on input line 4219.
Package hyperref Info: Implicit mode ON; LaTeX internals redefined.
Package hyperref Info: Bookmarks ON on input line 4466.
\c@Hy@tempcnt=\count322

(C:\Users\bdgou\AppData\Local\Programs\MiKTeX\tex/latex/url\url.sty
\Urlmuskip=\muskip18
Package: url 2013/09/16  ver 3.4  Verb mode for urls, etc.
)
LaTeX Info: Redefining \url on input line 4805.
\XeTeXLinkMargin=\dimen256

(C:\Users\bdgou\AppData\Roaming\MiKTeX\tex/latex/bitset\bitset.sty
Package: bitset 2019/12/09 v1.3 Handle bit-vector datatype (HO)

(C:\Users\bdgou\AppData\Roaming\MiKTeX\tex/latex/bigintcalc\bigintcalc.sty
Package: bigintcalc 2019/12/15 v1.5 Expandable calculations on big integers (HO
)
))
\Fld@menulength=\count323
\Field@Width=\dimen257
\Fld@charsize=\dimen258
Package hyperref Info: Hyper figures OFF on input line 6091.
Package hyperref Info: Link nesting OFF on input line 6096.
Package hyperref Info: Hyper index ON on input line 6099.
Package hyperref Info: backreferencing OFF on input line 6106.
Package hyperref Info: Link coloring OFF on input line 6111.
Package hyperref Info: Link coloring with OCG OFF on input line 6116.
Package hyperref Info: PDF/A mode OFF on input line 6121.
\Hy@abspage=\count324
\c@Item=\count325
\c@Hfootnote=\count326
)
Package hyperref Info: Driver (autodetected): hpdftex.

(C:\Users\bdgou\AppData\Roaming\MiKTeX\tex/latex/hyperref\hpdftex.def
File: hpdftex.def 2026-04-24 v7.01q Hyperref driver for pdfTeX
\Fld@listcount=\count327
\c@bookmark@seq@number=\count328

(C:\Users\bdgou\AppData\Roaming\MiKTeX\tex/latex/rerunfilecheck\rerunfilecheck.
sty
Package: rerunfilecheck 2025-06-21 v1.11 Rerun checks for auxiliary files (HO)

(C:\Users\bdgou\AppData\Roaming\MiKTeX\tex/latex/uniquecounter\uniquecounter.st
y
Package: uniquecounter 2019/12/15 v1.4 Provide unlimited unique counter (HO)
)
Package uniquecounter Info: New unique counter `rerunfilecheck' on input line 2
85.
)
\Hy@SectionHShift=\skip76
)
Package hyperref Info: Option `colorlinks' set `true' on input line 34.
LaTeX Font Info:    Trying to load font information for T1+lmr on input line 10
2.
 (C:\Users\bdgou\AppData\Local\Programs\MiKTeX\tex/latex/lm\t1lmr.fd
File: t1lmr.fd 2015/05/01 v1.6.1 Font defs for Latin Modern
)
(C:\Users\bdgou\AppData\Local\Programs\MiKTeX\tex/latex/l3backend\l3backend-pdf
tex.def
File: l3backend-pdftex.def 2025-10-09 L3 backend support: PDF output (pdfTeX)
\l__color_backend_stack_int=\count329
)
(D:\ALL_Uni_Documents\UB\Courses\TRDP2\report_materials\report\build\main.aux)
\openout1 = `main.aux'.

LaTeX Font Info:    Checking defaults for OML/cmm/m/it on input line 102.
LaTeX Font Info:    ... okay on input line 102.
LaTeX Font Info:    Checking defaults for OMS/cmsy/m/n on input line 102.
LaTeX Font Info:    ... okay on input line 102.
LaTeX Font Info:    Checking defaults for OT1/cmr/m/n on input line 102.
LaTeX Font Info:    ... okay on input line 102.
LaTeX Font Info:    Checking defaults for T1/cmr/m/n on input line 102.
LaTeX Font Info:    ... okay on input line 102.
LaTeX Font Info:    Checking defaults for TS1/cmr/m/n on input line 102.
LaTeX Font Info:    ... okay on input line 102.
LaTeX Font Info:    Checking defaults for OMX/cmex/m/n on input line 102.
LaTeX Font Info:    ... okay on input line 102.
LaTeX Font Info:    Checking defaults for U/cmr/m/n on input line 102.
LaTeX Font Info:    ... okay on input line 102.
LaTeX Font Info:    Checking defaults for PD1/pdf/m/n on input line 102.
LaTeX Font Info:    ... okay on input line 102.
LaTeX Font Info:    Checking defaults for PU/pdf/m/n on input line 102.
LaTeX Font Info:    ... okay on input line 102.

*geometry* driver: auto-detecting
*geometry* detected driver: pdftex
*geometry* verbose mode - [ preamble ] result:
* driver: pdftex
* paper: a4paper
* layout: <same size as paper>
* layoutoffset:(h,v)=(0.0pt,0.0pt)
* modes: 
* h-part:(L,W,R)=(62.59605pt, 472.31577pt, 62.59605pt)
* v-part:(T,H,B)=(62.59605pt, 719.85474pt, 62.59605pt)
* \paperwidth=597.50787pt
* \paperheight=845.04684pt
* \textwidth=472.31577pt
* \textheight=719.85474pt
* \oddsidemargin=-9.67393pt
* \evensidemargin=-9.67393pt
* \topmargin=-46.67393pt
* \headheight=14.0pt
* \headsep=25.0pt
* \topskip=11.0pt
* \footskip=30.0pt
* \marginparwidth=50.0pt
* \marginparsep=10.0pt
* \columnsep=10.0pt
* \skip\footins=10.0pt plus 4.0pt minus 2.0pt
* \hoffset=0.0pt
* \voffset=0.0pt
* \mag=1000
* \@twocolumnfalse
* \@twosidefalse
* \@mparswitchfalse
* \@reversemarginfalse
* (1in=72.27pt=25.4mm, 1cm=28.453pt)

LaTeX Info: Redefining \microtypecontext on input line 102.
Package microtype Info: Applying patch `item' on input line 102.
Package microtype Info: Applying patch `toc' on input line 102.
Package microtype Info: Applying patch `eqnum' on input line 102.
Package microtype Info: Applying patch `footnote' on input line 102.
Package microtype Info: Applying patch `verbatim' on input line 102.
LaTeX Info: Redefining \microtypesetup on input line 102.
Package microtype Info: Generating PDF output.
Package microtype Info: Character protrusion enabled (level 2).
Package microtype Info: Using default protrusion set `alltext'.
Package microtype Info: Automatic font expansion enabled (level 2),
(microtype)             stretch: 20, shrink: 20, step: 1, non-selected.
Package microtype Info: Using default expansion set `alltext-nott'.
Package microtype Info: Patching command `\showhyphens'.
Package microtype Info: No adjustment of tracking.
Package microtype Info: No adjustment of interword spacing.
Package microtype Info: No adjustment of character kerning.
(C:\Users\bdgou\AppData\Roaming\MiKTeX\tex/latex/microtype\mt-cmr.cfg
File: mt-cmr.cfg 2013/05/19 v2.2 microtype config. file: Computer Modern Roman 
(RS)
)
(C:\Users\bdgou\AppData\Local\Programs\MiKTeX\tex/context/base/mkii\supp-pdf.mk
ii
[Loading MPS to PDF converter (version 2006.09.02).]
\scratchcounter=\count330
\scratchdimen=\dimen259
\scratchbox=\box66
\nofMPsegments=\count331
\nofMParguments=\count332
\everyMPshowfont=\toks35
\MPscratchCnt=\count333
\MPscratchDim=\dimen260
\MPnumerator=\count334
\makeMPintoPDFobject=\count335
\everyMPtoPDFconversion=\toks36
)
(C:\Users\bdgou\AppData\Local\Programs\MiKTeX\tex/latex/epstopdf-pkg\epstopdf-b
ase.sty
Package: epstopdf-base 2020-01-24 v2.11 Base part for package epstopdf
Package epstopdf-base Info: Redefining graphics rule for `.eps' on input line 4
85.

(C:\Users\bdgou\AppData\Local\Programs\MiKTeX\tex/latex/00miktex\epstopdf-sys.c
fg
File: epstopdf-sys.cfg 2021/03/18 v2.0 Configuration of epstopdf for MiKTeX
))
Package caption Info: Begin \AtBeginDocument code.
Package caption Info: hyperref package is loaded.
Package caption Info: End \AtBeginDocument code.
Package hyperref Info: Link coloring ON on input line 102.

(D:\ALL_Uni_Documents\UB\Courses\TRDP2\report_materials\report\build\main.out)
(D:\ALL_Uni_Documents\UB\Courses\TRDP2\report_materials\report\build\main.out)
\@outlinefile=\write3
\openout3 = `main.out'.

Package hyperref Info: Option `pageanchor' set `false' on input line 104.
LaTeX Font Info:    Trying to load font information for OT1+lmr on input line 1
25.

(C:\Users\bdgou\AppData\Local\Programs\MiKTeX\tex/latex/lm\ot1lmr.fd
File: ot1lmr.fd 2015/05/01 v1.6.1 Font defs for Latin Modern
)
LaTeX Font Info:    Trying to load font information for OML+lmm on input line 1
25.

(C:\Users\bdgou\AppData\Local\Programs\MiKTeX\tex/latex/lm\omllmm.fd
File: omllmm.fd 2015/05/01 v1.6.1 Font defs for Latin Modern
)
LaTeX Font Info:    Trying to load font information for OMS+lmsy on input line 
125.

(C:\Users\bdgou\AppData\Local\Programs\MiKTeX\tex/latex/lm\omslmsy.fd
File: omslmsy.fd 2015/05/01 v1.6.1 Font defs for Latin Modern
)
LaTeX Font Info:    Trying to load font information for OMX+lmex on input line 
125.

(C:\Users\bdgou\AppData\Local\Programs\MiKTeX\tex/latex/lm\omxlmex.fd
File: omxlmex.fd 2015/05/01 v1.6.1 Font defs for Latin Modern
)
LaTeX Font Info:    External font `lmex10' loaded for size
(Font)              <10.95> on input line 125.
LaTeX Font Info:    External font `lmex10' loaded for size
(Font)              <8> on input line 125.
LaTeX Font Info:    External font `lmex10' loaded for size
(Font)              <6> on input line 125.
LaTeX Font Info:    Trying to load font information for U+msa on input line 125
.

(C:\Users\bdgou\AppData\Local\Programs\MiKTeX\tex/latex/amsfonts\umsa.fd
File: umsa.fd 2013/01/14 v3.01 AMS symbols A
)
(C:\Users\bdgou\AppData\Roaming\MiKTeX\tex/latex/microtype\mt-msa.cfg
File: mt-msa.cfg 2006/02/04 v1.1 microtype config. file: AMS symbols (a) (RS)
)
LaTeX Font Info:    Trying to load font information for U+msb on input line 125
.

(C:\Users\bdgou\AppData\Local\Programs\MiKTeX\tex/latex/amsfonts\umsb.fd
File: umsb.fd 2013/01/14 v3.01 AMS symbols B
)
(C:\Users\bdgou\AppData\Roaming\MiKTeX\tex/latex/microtype\mt-msb.cfg
File: mt-msb.cfg 2005/06/01 v1.0 microtype config. file: AMS symbols (b) (RS)
) [1

{C:/Users/bdgou/AppData/Local/MiKTeX/fonts/map/pdftex/pdftex.map}{C:/Users/bdgo
u/AppData/Local/Programs/MiKTeX/fonts/enc/dvips/lm/lm-ec.enc}]
Package hyperref Info: Option `pageanchor' set `true' on input line 129.
LaTeX Font Info:    External font `lmex10' loaded for size
(Font)              <10> on input line 145.
LaTeX Font Info:    External font `lmex10' loaded for size
(Font)              <7> on input line 145.
LaTeX Font Info:    External font `lmex10' loaded for size
(Font)              <5> on input line 145.
 [1{C:/Users/bdgou/AppData/Local/Programs/MiKTeX/fonts/enc/dvips/lm/lm-mathsy.e
nc}{C:/Users/bdgou/AppData/Local/Programs/MiKTeX/fonts/enc/dvips/lm/lm-rm.enc}{
C:/Users/bdgou/AppData/Local/Programs/MiKTeX/fonts/enc/dvips/lm/lm-mathit.enc}]

(D:\ALL_Uni_Documents\UB\Courses\TRDP2\report_materials\report\build\main.toc
[2

])
\tf@toc=\write4
\openout4 = `main.toc'.


(D:\ALL_Uni_Documents\UB\Courses\TRDP2\report_materials\report\build\main.lof
[3])
\tf@lof=\write5
\openout5 = `main.lof'.


(D:\ALL_Uni_Documents\UB\Courses\TRDP2\report_materials\report\build\main.lot)
\tf@lot=\write6
\openout6 = `main.lot'.


[4] [1

]
LaTeX Font Info:    Trying to load font information for T1+lmtt on input line 2
49.
 (C:\Users\bdgou\AppData\Local\Programs\MiKTeX\tex/latex/lm\t1lmtt.fd
File: t1lmtt.fd 2015/05/01 v1.6.1 Font defs for Latin Modern
)
Package microtype Info: Loading generic protrusion settings for font family
(microtype)             `lmtt' (encoding: T1).
(microtype)             For optimal results, create family-specific settings.
(microtype)             See the microtype manual for details.

[2{C:/Users/bdgou/AppData/Local/Programs/MiKTeX/fonts/enc/dvips/lm/lm-mathex.en
c}]
LaTeX Font Info:    Trying to load font information for TS1+lmr on input line 3
22.
 (C:\Users\bdgou\AppData\Local\Programs\MiKTeX\tex/latex/lm\ts1lmr.fd
File: ts1lmr.fd 2015/05/01 v1.6.1 Font defs for Latin Modern
)
[3{C:/Users/bdgou/AppData/Local/Programs/MiKTeX/fonts/enc/dvips/lm/lm-ts1.enc}]
[4] [5] [6] [7]
<../02_dual_class_bert_S1_S10/S3/S3_dual_class_word_bar.pdf, id=373, 1074.03223
pt x 618.57637pt>
File: ../02_dual_class_bert_S1_S10/S3/S3_dual_class_word_bar.pdf Graphic file (
type pdf)
<use ../02_dual_class_bert_S1_S10/S3/S3_dual_class_word_bar.pdf>
Package pdftex.def Info: ../02_dual_class_bert_S1_S10/S3/S3_dual_class_word_bar
.pdf  used on input line 640.
(pdftex.def)             Requested size: 374.96638pt x 215.95752pt.
<../03_clip_text_shap_S1_S10/S3/S3_dual_class_word_bar.pdf, id=374, 1070.61038p
t x 618.57637pt>
File: ../03_clip_text_shap_S1_S10/S3/S3_dual_class_word_bar.pdf Graphic file (t
ype pdf)
<use ../03_clip_text_shap_S1_S10/S3/S3_dual_class_word_bar.pdf>
Package pdftex.def Info: ../03_clip_text_shap_S1_S10/S3/S3_dual_class_word_bar.
pdf  used on input line 641.
(pdftex.def)             Requested size: 373.77174pt x 215.95752pt.
 [8] [9 <../02_dual_class_bert_S1_S10/S3/S3_dual_class_word_bar.pdf> <../03_cli
p_text_shap_S1_S10/S3/S3_dual_class_word_bar.pdf>] [10]
<../04_clip_vision_shap_I1_I10_patch_overlay_values/I4_SHAP_patch_overlay_value
s.pdf, id=517, 574.77112pt x 520.60097pt>
File: ../04_clip_vision_shap_I1_I10_patch_overlay_values/I4_SHAP_patch_overlay_
values.pdf Graphic file (type pdf)
<use ../04_clip_vision_shap_I1_I10_patch_overlay_values/I4_SHAP_patch_overlay_v
alues.pdf>
Package pdftex.def Info: ../04_clip_vision_shap_I1_I10_patch_overlay_values/I4_
SHAP_patch_overlay_values.pdf  used on input line 814.
(pdftex.def)             Requested size: 231.43732pt x 209.6189pt.
<../04_clip_vision_shap_I1_I10_patch_overlay_values/I1_SHAP_patch_overlay_value
s.pdf, id=518, 574.77112pt x 520.60097pt>
File: ../04_clip_vision_shap_I1_I10_patch_overlay_values/I1_SHAP_patch_overlay_
values.pdf Graphic file (type pdf)
<use ../04_clip_vision_shap_I1_I10_patch_overlay_values/I1_SHAP_patch_overlay_v
alues.pdf>
Package pdftex.def Info: ../04_clip_vision_shap_I1_I10_patch_overlay_values/I1_
SHAP_patch_overlay_values.pdf  used on input line 818.
(pdftex.def)             Requested size: 231.43732pt x 209.6189pt.
 [11 <../04_clip_vision_shap_I1_I10_patch_overlay_values/I4_SHAP_patch_overlay_
values.pdf> <../04_clip_vision_shap_I1_I10_patch_overlay_values/I1_SHAP_patch_o
verlay_values.pdf>]
<../05_clip_vision_faithfulness_metrics/deletion_insertion_curves_mean.pdf, id=
651, 751.85739pt x 320.95068pt>
File: ../05_clip_vision_faithfulness_metrics/deletion_insertion_curves_mean.pdf
 Graphic file (type pdf)
<use ../05_clip_vision_faithfulness_metrics/deletion_insertion_curves_mean.pdf>

Package pdftex.def Info: ../05_clip_vision_faithfulness_metrics/deletion_insert
ion_curves_mean.pdf  used on input line 890.
(pdftex.def)             Requested size: 472.31577pt x 201.6221pt.
<../05_clip_vision_faithfulness_metrics/pointing_game.pdf, id=655, 1149.09305pt
 x 546.037pt>
File: ../05_clip_vision_faithfulness_metrics/pointing_game.pdf Graphic file (ty
pe pdf)
<use ../05_clip_vision_faithfulness_metrics/pointing_game.pdf>
Package pdftex.def Info: ../05_clip_vision_faithfulness_metrics/pointing_game.p
df  used on input line 908.
(pdftex.def)             Requested size: 472.31577pt x 224.44318pt.
 [12] [13 <../05_clip_vision_faithfulness_metrics/deletion_insertion_curves_mea
n.pdf> <../05_clip_vision_faithfulness_metrics/pointing_game.pdf>]
[14] [15] [16] [17

]
<../05_clip_vision_faithfulness_metrics/deletion_insertion_curves_per_image.pdf
, id=884, 1011.09746pt x 485.80522pt>
File: ../05_clip_vision_faithfulness_metrics/deletion_insertion_curves_per_imag
e.pdf Graphic file (type pdf)
<use ../05_clip_vision_faithfulness_metrics/deletion_insertion_curves_per_image
.pdf>
Package pdftex.def Info: ../05_clip_vision_faithfulness_metrics/deletion_insert
ion_curves_per_image.pdf  used on input line 1161.
(pdftex.def)             Requested size: 472.31577pt x 226.93488pt.
 [18 <../05_clip_vision_faithfulness_metrics/deletion_insertion_curves_per_imag
e.pdf>] [19]
<../02_dual_class_bert_S1_S10/S1/S1_dual_class_word_bar.pdf, id=969, 1074.03381
pt x 589.55278pt>
File: ../02_dual_class_bert_S1_S10/S1/S1_dual_class_word_bar.pdf Graphic file (
type pdf)
<use ../02_dual_class_bert_S1_S10/S1/S1_dual_class_word_bar.pdf>
Package pdftex.def Info: ../02_dual_class_bert_S1_S10/S1/S1_dual_class_word_bar
.pdf  used on input line 1209.
(pdftex.def)             Requested size: 308.42996pt x 169.3017pt.
<../02_dual_class_bert_S1_S10/S1/S1_presentation_overview.pdf, id=970, 1002.325
3pt x 585.42653pt>
File: ../02_dual_class_bert_S1_S10/S1/S1_presentation_overview.pdf Graphic file
 (type pdf)
<use ../02_dual_class_bert_S1_S10/S1/S1_presentation_overview.pdf>
Package pdftex.def Info: ../02_dual_class_bert_S1_S10/S1/S1_presentation_overvi
ew.pdf  used on input line 1209.
(pdftex.def)             Requested size: 289.8716pt x 169.30482pt.
<../02_dual_class_bert_S1_S10/S1/S1_token_class_matrix.pdf, id=971, 604.33531pt
 x 624.66191pt>
File: ../02_dual_class_bert_S1_S10/S1/S1_token_class_matrix.pdf Graphic file (t
ype pdf)
<use ../02_dual_class_bert_S1_S10/S1/S1_token_class_matrix.pdf>
Package pdftex.def Info: ../02_dual_class_bert_S1_S10/S1/S1_token_class_matrix.
pdf  used on input line 1209.
(pdftex.def)             Requested size: 122.84752pt x 126.97945pt.
<../02_dual_class_bert_S1_S10/S1/S1_word_class_matrix.pdf, id=972, 603.06879pt 
x 486.66234pt>
File: ../02_dual_class_bert_S1_S10/S1/S1_word_class_matrix.pdf Graphic file (ty
pe pdf)
<use ../02_dual_class_bert_S1_S10/S1/S1_word_class_matrix.pdf>
Package pdftex.def Info: ../02_dual_class_bert_S1_S10/S1/S1_word_class_matrix.p
df  used on input line 1209.
(pdftex.def)             Requested size: 151.1441pt x 121.96974pt.
<../02_dual_class_bert_S1_S10/S1/S1_summary_matrix.pdf, id=973, 626.61539pt x 5
02.85768pt>
File: ../02_dual_class_bert_S1_S10/S1/S1_summary_matrix.pdf Graphic file (type 
pdf)
<use ../02_dual_class_bert_S1_S10/S1/S1_summary_matrix.pdf>
Package pdftex.def Info: ../02_dual_class_bert_S1_S10/S1/S1_summary_matrix.pdf 
 used on input line 1209.
(pdftex.def)             Requested size: 151.13655pt x 121.28679pt.
 [20

 <../02_dual_class_bert_S1_S10/S1/S1_dual_class_word_bar.pdf> <../02_dual_class
_bert_S1_S10/S1/S1_presentation_overview.pdf> <../02_dual_class_bert_S1_S10/S1/
S1_token_class_matrix.pdf> <../02_dual_class_bert_S1_S10/S1/S1_word_class_matri
x.pdf> <../02_dual_class_bert_S1_S10/S1/S1_summary_matrix.pdf>]
<../02_dual_class_bert_S1_S10/S2/S2_dual_class_word_bar.pdf, id=1285, 1074.1812
3pt x 560.52913pt>
File: ../02_dual_class_bert_S1_S10/S2/S2_dual_class_word_bar.pdf Graphic file (
type pdf)
<use ../02_dual_class_bert_S1_S10/S2/S2_dual_class_word_bar.pdf>
Package pdftex.def Info: ../02_dual_class_bert_S1_S10/S2/S2_dual_class_word_bar
.pdf  used on input line 1210.
(pdftex.def)             Requested size: 386.26239pt x 201.5594pt.
<../02_dual_class_bert_S1_S10/S2/S2_presentation_overview.pdf, id=1286, 1002.47
27pt x 585.42653pt>
File: ../02_dual_class_bert_S1_S10/S2/S2_presentation_overview.pdf Graphic file
 (type pdf)
<use ../02_dual_class_bert_S1_S10/S2/S2_presentation_overview.pdf>
Package pdftex.def Info: ../02_dual_class_bert_S1_S10/S2/S2_presentation_overvi
ew.pdf  used on input line 1210.
(pdftex.def)             Requested size: 345.13452pt x 201.55252pt.
<../02_dual_class_bert_S1_S10/S2/S2_token_class_matrix.pdf, id=1287, 603.07216p
t x 541.86217pt>
File: ../02_dual_class_bert_S1_S10/S2/S2_token_class_matrix.pdf Graphic file (t
ype pdf)
<use ../02_dual_class_bert_S1_S10/S2/S2_token_class_matrix.pdf>
Package pdftex.def Info: ../02_dual_class_bert_S1_S10/S2/S2_token_class_matrix.
pdf  used on input line 1210.
(pdftex.def)             Requested size: 151.14494pt x 135.8042pt.
<../02_dual_class_bert_S1_S10/S2/S2_word_class_matrix.pdf, id=1288, 602.07822pt
 x 459.06244pt>
File: ../02_dual_class_bert_S1_S10/S2/S2_word_class_matrix.pdf Graphic file (ty
pe pdf)
<use ../02_dual_class_bert_S1_S10/S2/S2_word_class_matrix.pdf>
Package pdftex.def Info: ../02_dual_class_bert_S1_S10/S2/S2_word_class_matrix.p
df  used on input line 1210.
(pdftex.def)             Requested size: 151.14389pt x 115.24164pt.
<../02_dual_class_bert_S1_S10/S2/S2_summary_matrix.pdf, id=1289, 626.61539pt x 
502.85768pt>
File: ../02_dual_class_bert_S1_S10/S2/S2_summary_matrix.pdf Graphic file (type 
pdf)
<use ../02_dual_class_bert_S1_S10/S2/S2_summary_matrix.pdf>
Package pdftex.def Info: ../02_dual_class_bert_S1_S10/S2/S2_summary_matrix.pdf 
 used on input line 1210.
(pdftex.def)             Requested size: 151.13655pt x 121.28679pt.
 [21

 <../02_dual_class_bert_S1_S10/S2/S2_dual_class_word_bar.pdf> <../02_dual_class
_bert_S1_S10/S2/S2_presentation_overview.pdf> <../02_dual_class_bert_S1_S10/S2/
S2_token_class_matrix.pdf> <../02_dual_class_bert_S1_S10/S2/S2_word_class_matri
x.pdf> <../02_dual_class_bert_S1_S10/S2/S2_summary_matrix.pdf>]
File: ../02_dual_class_bert_S1_S10/S3/S3_dual_class_word_bar.pdf Graphic file (
type pdf)
<use ../02_dual_class_bert_S1_S10/S3/S3_dual_class_word_bar.pdf>
Package pdftex.def Info: ../02_dual_class_bert_S1_S10/S3/S3_dual_class_word_bar
.pdf  used on input line 1211.
(pdftex.def)             Requested size: 349.9577pt x 201.55406pt.
<../02_dual_class_bert_S1_S10/S3/S3_presentation_overview.pdf, id=1602, 1002.49
47pt x 605.86446pt>
File: ../02_dual_class_bert_S1_S10/S3/S3_presentation_overview.pdf Graphic file
 (type pdf)
<use ../02_dual_class_bert_S1_S10/S3/S3_presentation_overview.pdf>
Package pdftex.def Info: ../02_dual_class_bert_S1_S10/S3/S3_presentation_overvi
ew.pdf  used on input line 1211.
(pdftex.def)             Requested size: 333.50122pt x 201.55371pt.
<../02_dual_class_bert_S1_S10/S3/S3_token_class_matrix.pdf, id=1603, 604.38235p
t x 624.66191pt>
File: ../02_dual_class_bert_S1_S10/S3/S3_token_class_matrix.pdf Graphic file (t
ype pdf)
<use ../02_dual_class_bert_S1_S10/S3/S3_token_class_matrix.pdf>
Package pdftex.def Info: ../02_dual_class_bert_S1_S10/S3/S3_token_class_matrix.
pdf  used on input line 1211.
(pdftex.def)             Requested size: 146.26282pt x 151.17055pt.
<../02_dual_class_bert_S1_S10/S3/S3_word_class_matrix.pdf, id=1604, 604.2292pt 
x 514.26228pt>
File: ../02_dual_class_bert_S1_S10/S3/S3_word_class_matrix.pdf Graphic file (ty
pe pdf)
<use ../02_dual_class_bert_S1_S10/S3/S3_word_class_matrix.pdf>
Package pdftex.def Info: ../02_dual_class_bert_S1_S10/S3/S3_word_class_matrix.p
df  used on input line 1211.
(pdftex.def)             Requested size: 151.13991pt x 128.63586pt.
<../02_dual_class_bert_S1_S10/S3/S3_summary_matrix.pdf, id=1605, 626.61539pt x 
502.85768pt>
File: ../02_dual_class_bert_S1_S10/S3/S3_summary_matrix.pdf Graphic file (type 
pdf)
<use ../02_dual_class_bert_S1_S10/S3/S3_summary_matrix.pdf>
Package pdftex.def Info: ../02_dual_class_bert_S1_S10/S3/S3_summary_matrix.pdf 
 used on input line 1211.
(pdftex.def)             Requested size: 151.13655pt x 121.28679pt.
 [22

 <../02_dual_class_bert_S1_S10/S3/S3_presentation_overview.pdf> <../02_dual_cla
ss_bert_S1_S10/S3/S3_token_class_matrix.pdf> <../02_dual_class_bert_S1_S10/S3/S
3_word_class_matrix.pdf> <../02_dual_class_bert_S1_S10/S3/S3_summary_matrix.pdf
>]
<../02_dual_class_bert_S1_S10/S4/S4_dual_class_word_bar.pdf, id=1870, 1074.0997
5pt x 473.45822pt>
File: ../02_dual_class_bert_S1_S10/S4/S4_dual_class_word_bar.pdf Graphic file (
type pdf)
<use ../02_dual_class_bert_S1_S10/S4/S4_dual_class_word_bar.pdf>
Package pdftex.def Info: ../02_dual_class_bert_S1_S10/S4/S4_dual_class_word_bar
.pdf  used on input line 1212.
(pdftex.def)             Requested size: 457.24846pt x 201.55301pt.
<../02_dual_class_bert_S1_S10/S4/S4_presentation_overview.pdf, id=1871, 1002.39
116pt x 585.42653pt>
File: ../02_dual_class_bert_S1_S10/S4/S4_presentation_overview.pdf Graphic file
 (type pdf)
<use ../02_dual_class_bert_S1_S10/S4/S4_presentation_overview.pdf>
Package pdftex.def Info: ../02_dual_class_bert_S1_S10/S4/S4_presentation_overvi
ew.pdf  used on input line 1212.
(pdftex.def)             Requested size: 345.10645pt x 201.55252pt.
<../02_dual_class_bert_S1_S10/S4/S4_token_class_matrix.pdf, id=1872, 604.07928p
t x 541.86217pt>
File: ../02_dual_class_bert_S1_S10/S4/S4_token_class_matrix.pdf Graphic file (t
ype pdf)
<use ../02_dual_class_bert_S1_S10/S4/S4_token_class_matrix.pdf>
Package pdftex.def Info: ../02_dual_class_bert_S1_S10/S4/S4_token_class_matrix.
pdf  used on input line 1212.
(pdftex.def)             Requested size: 151.13927pt x 135.5727pt.
<../02_dual_class_bert_S1_S10/S4/S4_word_class_matrix.pdf, id=1873, 602.22537pt
 x 400.95735pt>
File: ../02_dual_class_bert_S1_S10/S4/S4_word_class_matrix.pdf Graphic file (ty
pe pdf)
<use ../02_dual_class_bert_S1_S10/S4/S4_word_class_matrix.pdf>
Package pdftex.def Info: ../02_dual_class_bert_S1_S10/S4/S4_word_class_matrix.p
df  used on input line 1212.
(pdftex.def)             Requested size: 151.14407pt x 100.63065pt.
<../02_dual_class_bert_S1_S10/S4/S4_summary_matrix.pdf, id=1874, 626.61539pt x 
502.85768pt>
File: ../02_dual_class_bert_S1_S10/S4/S4_summary_matrix.pdf Graphic file (type 
pdf)
<use ../02_dual_class_bert_S1_S10/S4/S4_summary_matrix.pdf>
Package pdftex.def Info: ../02_dual_class_bert_S1_S10/S4/S4_summary_matrix.pdf 
 used on input line 1212.
(pdftex.def)             Requested size: 151.13655pt x 121.28679pt.
 [23

 <../02_dual_class_bert_S1_S10/S4/S4_dual_class_word_bar.pdf> <../02_dual_class
_bert_S1_S10/S4/S4_presentation_overview.pdf> <../02_dual_class_bert_S1_S10/S4/
S4_token_class_matrix.pdf> <../02_dual_class_bert_S1_S10/S4/S4_word_class_matri
x.pdf> <../02_dual_class_bert_S1_S10/S4/S4_summary_matrix.pdf>]
<../02_dual_class_bert_S1_S10/S5/S5_dual_class_word_bar.pdf, id=2189, 1074.1341
7pt x 618.57637pt>
File: ../02_dual_class_bert_S1_S10/S5/S5_dual_class_word_bar.pdf Graphic file (
type pdf)
<use ../02_dual_class_bert_S1_S10/S5/S5_dual_class_word_bar.pdf>
Package pdftex.def Info: ../02_dual_class_bert_S1_S10/S5/S5_dual_class_word_bar
.pdf  used on input line 1213.
(pdftex.def)             Requested size: 349.99092pt x 201.55406pt.
<../02_dual_class_bert_S1_S10/S5/S5_presentation_overview.pdf, id=2190, 1002.42
566pt x 605.86446pt>
File: ../02_dual_class_bert_S1_S10/S5/S5_presentation_overview.pdf Graphic file
 (type pdf)
<use ../02_dual_class_bert_S1_S10/S5/S5_presentation_overview.pdf>
Package pdftex.def Info: ../02_dual_class_bert_S1_S10/S5/S5_presentation_overvi
ew.pdf  used on input line 1213.
(pdftex.def)             Requested size: 333.47824pt x 201.55371pt.
<../02_dual_class_bert_S1_S10/S5/S5_token_class_matrix.pdf, id=2191, 604.44508p
t x 597.06198pt>
File: ../02_dual_class_bert_S1_S10/S5/S5_token_class_matrix.pdf Graphic file (t
ype pdf)
<use ../02_dual_class_bert_S1_S10/S5/S5_token_class_matrix.pdf>
Package pdftex.def Info: ../02_dual_class_bert_S1_S10/S5/S5_token_class_matrix.
pdf  used on input line 1213.
(pdftex.def)             Requested size: 151.13857pt x 149.29245pt.
<../02_dual_class_bert_S1_S10/S5/S5_word_class_matrix.pdf, id=2192, 603.16406pt
 x 514.26228pt>
File: ../02_dual_class_bert_S1_S10/S5/S5_word_class_matrix.pdf Graphic file (ty
pe pdf)
<use ../02_dual_class_bert_S1_S10/S5/S5_word_class_matrix.pdf>
Package pdftex.def Info: ../02_dual_class_bert_S1_S10/S5/S5_word_class_matrix.p
df  used on input line 1213.
(pdftex.def)             Requested size: 151.14037pt x 128.86343pt.
<../02_dual_class_bert_S1_S10/S5/S5_summary_matrix.pdf, id=2193, 626.61539pt x 
502.85768pt>
File: ../02_dual_class_bert_S1_S10/S5/S5_summary_matrix.pdf Graphic file (type 
pdf)
<use ../02_dual_class_bert_S1_S10/S5/S5_summary_matrix.pdf>
Package pdftex.def Info: ../02_dual_class_bert_S1_S10/S5/S5_summary_matrix.pdf 
 used on input line 1213.
(pdftex.def)             Requested size: 151.13655pt x 121.28679pt.
 [24

 <../02_dual_class_bert_S1_S10/S5/S5_dual_class_word_bar.pdf> <../02_dual_class
_bert_S1_S10/S5/S5_presentation_overview.pdf> <../02_dual_class_bert_S1_S10/S5/
S5_token_class_matrix.pdf> <../02_dual_class_bert_S1_S10/S5/S5_word_class_matri
x.pdf> <../02_dual_class_bert_S1_S10/S5/S5_summary_matrix.pdf>]
<../02_dual_class_bert_S1_S10/S6/S6_dual_class_word_bar.pdf, id=2503, 1074.2847
6pt x 531.50548pt>
File: ../02_dual_class_bert_S1_S10/S6/S6_dual_class_word_bar.pdf Graphic file (
type pdf)
<use ../02_dual_class_bert_S1_S10/S6/S6_dual_class_word_bar.pdf>
Package pdftex.def Info: ../02_dual_class_bert_S1_S10/S6/S6_dual_class_word_bar
.pdf  used on input line 1214.
(pdftex.def)             Requested size: 407.38005pt x 201.55244pt.
<../02_dual_class_bert_S1_S10/S6/S6_presentation_overview.pdf, id=2504, 1002.57
625pt x 585.42653pt>
File: ../02_dual_class_bert_S1_S10/S6/S6_presentation_overview.pdf Graphic file
 (type pdf)
<use ../02_dual_class_bert_S1_S10/S6/S6_presentation_overview.pdf>
Package pdftex.def Info: ../02_dual_class_bert_S1_S10/S6/S6_presentation_overvi
ew.pdf  used on input line 1214.
(pdftex.def)             Requested size: 345.17017pt x 201.55252pt.
<../02_dual_class_bert_S1_S10/S6/S6_token_class_matrix.pdf, id=2505, 604.46095p
t x 541.86217pt>
File: ../02_dual_class_bert_S1_S10/S6/S6_token_class_matrix.pdf Graphic file (t
ype pdf)
<use ../02_dual_class_bert_S1_S10/S6/S6_token_class_matrix.pdf>
Package pdftex.def Info: ../02_dual_class_bert_S1_S10/S6/S6_token_class_matrix.
pdf  used on input line 1214.
(pdftex.def)             Requested size: 151.14253pt x 135.49pt.
<../02_dual_class_bert_S1_S10/S6/S6_word_class_matrix.pdf, id=2506, 603.43987pt
 x 431.46252pt>
File: ../02_dual_class_bert_S1_S10/S6/S6_word_class_matrix.pdf Graphic file (ty
pe pdf)
<use ../02_dual_class_bert_S1_S10/S6/S6_word_class_matrix.pdf>
Package pdftex.def Info: ../02_dual_class_bert_S1_S10/S6/S6_word_class_matrix.p
df  used on input line 1214.
(pdftex.def)             Requested size: 151.13582pt x 108.06287pt.
<../02_dual_class_bert_S1_S10/S6/S6_summary_matrix.pdf, id=2507, 626.61539pt x 
502.85768pt>
File: ../02_dual_class_bert_S1_S10/S6/S6_summary_matrix.pdf Graphic file (type 
pdf)
<use ../02_dual_class_bert_S1_S10/S6/S6_summary_matrix.pdf>
Package pdftex.def Info: ../02_dual_class_bert_S1_S10/S6/S6_summary_matrix.pdf 
 used on input line 1214.
(pdftex.def)             Requested size: 151.13655pt x 121.28679pt.
 [25

 <../02_dual_class_bert_S1_S10/S6/S6_dual_class_word_bar.pdf> <../02_dual_class
_bert_S1_S10/S6/S6_presentation_overview.pdf> <../02_dual_class_bert_S1_S10/S6/
S6_token_class_matrix.pdf> <../02_dual_class_bert_S1_S10/S6/S6_word_class_matri
x.pdf> <../02_dual_class_bert_S1_S10/S6/S6_summary_matrix.pdf>]
<../02_dual_class_bert_S1_S10/S7/S7_dual_class_word_bar.pdf, id=2825, 1074.1938
5pt x 560.52913pt>
File: ../02_dual_class_bert_S1_S10/S7/S7_dual_class_word_bar.pdf Graphic file (
type pdf)
<use ../02_dual_class_bert_S1_S10/S7/S7_dual_class_word_bar.pdf>
Package pdftex.def Info: ../02_dual_class_bert_S1_S10/S7/S7_dual_class_word_bar
.pdf  used on input line 1215.
(pdftex.def)             Requested size: 386.26694pt x 201.5594pt.
<../02_dual_class_bert_S1_S10/S7/S7_presentation_overview.pdf, id=2826, 1002.48
526pt x 585.42653pt>
File: ../02_dual_class_bert_S1_S10/S7/S7_presentation_overview.pdf Graphic file
 (type pdf)
<use ../02_dual_class_bert_S1_S10/S7/S7_presentation_overview.pdf>
Package pdftex.def Info: ../02_dual_class_bert_S1_S10/S7/S7_presentation_overvi
ew.pdf  used on input line 1215.
(pdftex.def)             Requested size: 345.13884pt x 201.55252pt.
<../02_dual_class_bert_S1_S10/S7/S7_token_class_matrix.pdf, id=2827, 604.09026p
t x 569.4621pt>
File: ../02_dual_class_bert_S1_S10/S7/S7_token_class_matrix.pdf Graphic file (t
ype pdf)
<use ../02_dual_class_bert_S1_S10/S7/S7_token_class_matrix.pdf>
Package pdftex.def Info: ../02_dual_class_bert_S1_S10/S7/S7_token_class_matrix.
pdf  used on input line 1215.
(pdftex.def)             Requested size: 151.14201pt x 142.47812pt.
<../02_dual_class_bert_S1_S10/S7/S7_word_class_matrix.pdf, id=2828, 602.80542pt
 x 459.06244pt>
File: ../02_dual_class_bert_S1_S10/S7/S7_word_class_matrix.pdf Graphic file (ty
pe pdf)
<use ../02_dual_class_bert_S1_S10/S7/S7_word_class_matrix.pdf>
Package pdftex.def Info: ../02_dual_class_bert_S1_S10/S7/S7_word_class_matrix.p
df  used on input line 1215.
(pdftex.def)             Requested size: 151.14249pt x 115.10155pt.
<../02_dual_class_bert_S1_S10/S7/S7_summary_matrix.pdf, id=2829, 626.61539pt x 
502.85768pt>
File: ../02_dual_class_bert_S1_S10/S7/S7_summary_matrix.pdf Graphic file (type 
pdf)
<use ../02_dual_class_bert_S1_S10/S7/S7_summary_matrix.pdf>
Package pdftex.def Info: ../02_dual_class_bert_S1_S10/S7/S7_summary_matrix.pdf 
 used on input line 1215.
(pdftex.def)             Requested size: 151.13655pt x 121.28679pt.
 [26

 <../02_dual_class_bert_S1_S10/S7/S7_dual_class_word_bar.pdf> <../02_dual_class
_bert_S1_S10/S7/S7_presentation_overview.pdf> <../02_dual_class_bert_S1_S10/S7/
S7_token_class_matrix.pdf> <../02_dual_class_bert_S1_S10/S7/S7_word_class_matri
x.pdf> <../02_dual_class_bert_S1_S10/S7/S7_summary_matrix.pdf>]
<../02_dual_class_bert_S1_S10/S8/S8_dual_class_word_bar.pdf, id=3142, 1074.2596
4pt x 618.57637pt>
File: ../02_dual_class_bert_S1_S10/S8/S8_dual_class_word_bar.pdf Graphic file (
type pdf)
<use ../02_dual_class_bert_S1_S10/S8/S8_dual_class_word_bar.pdf>
Package pdftex.def Info: ../02_dual_class_bert_S1_S10/S8/S8_dual_class_word_bar
.pdf  used on input line 1216.
(pdftex.def)             Requested size: 350.0318pt x 201.55406pt.
<../02_dual_class_bert_S1_S10/S8/S8_presentation_overview.pdf, id=3143, 1002.55
112pt x 605.86446pt>
File: ../02_dual_class_bert_S1_S10/S8/S8_presentation_overview.pdf Graphic file
 (type pdf)
<use ../02_dual_class_bert_S1_S10/S8/S8_presentation_overview.pdf>
Package pdftex.def Info: ../02_dual_class_bert_S1_S10/S8/S8_presentation_overvi
ew.pdf  used on input line 1216.
(pdftex.def)             Requested size: 333.51997pt x 201.55371pt.
<../02_dual_class_bert_S1_S10/S8/S8_token_class_matrix.pdf, id=3144, 604.41373p
t x 624.66191pt>
File: ../02_dual_class_bert_S1_S10/S8/S8_token_class_matrix.pdf Graphic file (t
ype pdf)
<use ../02_dual_class_bert_S1_S10/S8/S8_token_class_matrix.pdf>
Package pdftex.def Info: ../02_dual_class_bert_S1_S10/S8/S8_token_class_matrix.
pdf  used on input line 1216.
(pdftex.def)             Requested size: 146.27042pt x 151.17055pt.
<../02_dual_class_bert_S1_S10/S8/S8_word_class_matrix.pdf, id=3145, 603.56203pt
 x 514.26228pt>
File: ../02_dual_class_bert_S1_S10/S8/S8_word_class_matrix.pdf Graphic file (ty
pe pdf)
<use ../02_dual_class_bert_S1_S10/S8/S8_word_class_matrix.pdf>
Package pdftex.def Info: ../02_dual_class_bert_S1_S10/S8/S8_word_class_matrix.p
df  used on input line 1216.
(pdftex.def)             Requested size: 151.1388pt x 128.77711pt.
<../02_dual_class_bert_S1_S10/S8/S8_summary_matrix.pdf, id=3146, 626.61539pt x 
502.85768pt>
File: ../02_dual_class_bert_S1_S10/S8/S8_summary_matrix.pdf Graphic file (type 
pdf)
<use ../02_dual_class_bert_S1_S10/S8/S8_summary_matrix.pdf>
Package pdftex.def Info: ../02_dual_class_bert_S1_S10/S8/S8_summary_matrix.pdf 
 used on input line 1216.
(pdftex.def)             Requested size: 151.13655pt x 121.28679pt.
 [27

 <../02_dual_class_bert_S1_S10/S8/S8_dual_class_word_bar.pdf> <../02_dual_class
_bert_S1_S10/S8/S8_presentation_overview.pdf> <../02_dual_class_bert_S1_S10/S8/
S8_token_class_matrix.pdf> <../02_dual_class_bert_S1_S10/S8/S8_word_class_matri
x.pdf> <../02_dual_class_bert_S1_S10/S8/S8_summary_matrix.pdf>]
<../02_dual_class_bert_S1_S10/S9/S9_dual_class_word_bar.pdf, id=3462, 1074.3098
8pt x 618.57637pt>
File: ../02_dual_class_bert_S1_S10/S9/S9_dual_class_word_bar.pdf Graphic file (
type pdf)
<use ../02_dual_class_bert_S1_S10/S9/S9_dual_class_word_bar.pdf>
Package pdftex.def Info: ../02_dual_class_bert_S1_S10/S9/S9_dual_class_word_bar
.pdf  used on input line 1217.
(pdftex.def)             Requested size: 350.04817pt x 201.55406pt.
<../02_dual_class_bert_S1_S10/S9/S9_presentation_overview.pdf, id=3463, 1002.60
136pt x 605.86446pt>
File: ../02_dual_class_bert_S1_S10/S9/S9_presentation_overview.pdf Graphic file
 (type pdf)
<use ../02_dual_class_bert_S1_S10/S9/S9_presentation_overview.pdf>
Package pdftex.def Info: ../02_dual_class_bert_S1_S10/S9/S9_presentation_overvi
ew.pdf  used on input line 1217.
(pdftex.def)             Requested size: 333.5367pt x 201.55371pt.
<../02_dual_class_bert_S1_S10/S9/S9_token_class_matrix.pdf, id=3464, 604.5047pt
 x 624.66191pt>
File: ../02_dual_class_bert_S1_S10/S9/S9_token_class_matrix.pdf Graphic file (t
ype pdf)
<use ../02_dual_class_bert_S1_S10/S9/S9_token_class_matrix.pdf>
Package pdftex.def Info: ../02_dual_class_bert_S1_S10/S9/S9_token_class_matrix.
pdf  used on input line 1217.
(pdftex.def)             Requested size: 146.29243pt x 151.17055pt.
<../02_dual_class_bert_S1_S10/S9/S9_word_class_matrix.pdf, id=3465, 604.27031pt
 x 514.26228pt>
File: ../02_dual_class_bert_S1_S10/S9/S9_word_class_matrix.pdf Graphic file (ty
pe pdf)
<use ../02_dual_class_bert_S1_S10/S9/S9_word_class_matrix.pdf>
Package pdftex.def Info: ../02_dual_class_bert_S1_S10/S9/S9_word_class_matrix.p
df  used on input line 1217.
(pdftex.def)             Requested size: 151.14096pt x 128.62802pt.
<../02_dual_class_bert_S1_S10/S9/S9_summary_matrix.pdf, id=3466, 626.61539pt x 
502.85768pt>
File: ../02_dual_class_bert_S1_S10/S9/S9_summary_matrix.pdf Graphic file (type 
pdf)
<use ../02_dual_class_bert_S1_S10/S9/S9_summary_matrix.pdf>
Package pdftex.def Info: ../02_dual_class_bert_S1_S10/S9/S9_summary_matrix.pdf 
 used on input line 1217.
(pdftex.def)             Requested size: 151.13655pt x 121.28679pt.
 [28

 <../02_dual_class_bert_S1_S10/S9/S9_dual_class_word_bar.pdf> <../02_dual_class
_bert_S1_S10/S9/S9_presentation_overview.pdf> <../02_dual_class_bert_S1_S10/S9/
S9_token_class_matrix.pdf> <../02_dual_class_bert_S1_S10/S9/S9_word_class_matri
x.pdf> <../02_dual_class_bert_S1_S10/S9/S9_summary_matrix.pdf>]
<../02_dual_class_bert_S1_S10/S10/S10_dual_class_word_bar.pdf, id=3785, 1074.31
613pt x 531.50548pt>
File: ../02_dual_class_bert_S1_S10/S10/S10_dual_class_word_bar.pdf Graphic file
 (type pdf)
<use ../02_dual_class_bert_S1_S10/S10/S10_dual_class_word_bar.pdf>
Package pdftex.def Info: ../02_dual_class_bert_S1_S10/S10/S10_dual_class_word_b
ar.pdf  used on input line 1218.
(pdftex.def)             Requested size: 407.39195pt x 201.55244pt.
<../02_dual_class_bert_S1_S10/S10/S10_presentation_overview.pdf, id=3786, 1002.
6076pt x 585.42653pt>
File: ../02_dual_class_bert_S1_S10/S10/S10_presentation_overview.pdf Graphic fi
le (type pdf)
<use ../02_dual_class_bert_S1_S10/S10/S10_presentation_overview.pdf>
Package pdftex.def Info: ../02_dual_class_bert_S1_S10/S10/S10_presentation_over
view.pdf  used on input line 1218.
(pdftex.def)             Requested size: 345.18097pt x 201.55252pt.
<../02_dual_class_bert_S1_S10/S10/S10_token_class_matrix.pdf, id=3787, 604.5611
3pt x 597.06198pt>
File: ../02_dual_class_bert_S1_S10/S10/S10_token_class_matrix.pdf Graphic file 
(type pdf)
<use ../02_dual_class_bert_S1_S10/S10/S10_token_class_matrix.pdf>
Package pdftex.def Info: ../02_dual_class_bert_S1_S10/S10/S10_token_class_matri
x.pdf  used on input line 1218.
(pdftex.def)             Requested size: 151.13991pt x 149.26512pt.
<../02_dual_class_bert_S1_S10/S10/S10_word_class_matrix.pdf, id=3788, 603.01843
pt x 431.46252pt>
File: ../02_dual_class_bert_S1_S10/S10/S10_word_class_matrix.pdf Graphic file (
type pdf)
<use ../02_dual_class_bert_S1_S10/S10/S10_word_class_matrix.pdf>
Package pdftex.def Info: ../02_dual_class_bert_S1_S10/S10/S10_word_class_matrix
.pdf  used on input line 1218.
(pdftex.def)             Requested size: 151.14069pt x 108.14186pt.
<../02_dual_class_bert_S1_S10/S10/S10_summary_matrix.pdf, id=3789, 626.61539pt 
x 502.85768pt>
File: ../02_dual_class_bert_S1_S10/S10/S10_summary_matrix.pdf Graphic file (typ
e pdf)
<use ../02_dual_class_bert_S1_S10/S10/S10_summary_matrix.pdf>
Package pdftex.def Info: ../02_dual_class_bert_S1_S10/S10/S10_summary_matrix.pd
f  used on input line 1218.
(pdftex.def)             Requested size: 151.13655pt x 121.28679pt.
 [29

 <../02_dual_class_bert_S1_S10/S10/S10_dual_class_word_bar.pdf> <../02_dual_cla
ss_bert_S1_S10/S10/S10_presentation_overview.pdf> <../02_dual_class_bert_S1_S10
/S10/S10_token_class_matrix.pdf> <../02_dual_class_bert_S1_S10/S10/S10_word_cla
ss_matrix.pdf> <../02_dual_class_bert_S1_S10/S10/S10_summary_matrix.pdf>]
<../03_clip_text_shap_S1_S10/S1/S1_dual_class_word_bar.pdf, id=4111, 1070.39081
pt x 618.57637pt>
File: ../03_clip_text_shap_S1_S10/S1/S1_dual_class_word_bar.pdf Graphic file (t
ype pdf)
<use ../03_clip_text_shap_S1_S10/S1/S1_dual_class_word_bar.pdf>
Package pdftex.def Info: ../03_clip_text_shap_S1_S10/S1/S1_dual_class_word_bar.
pdf  used on input line 1226.
(pdftex.def)             Requested size: 292.97826pt x 169.31145pt.
<../03_clip_text_shap_S1_S10/S1/S1_presentation_overview.pdf, id=4112, 1002.325
3pt x 605.86446pt>
File: ../03_clip_text_shap_S1_S10/S1/S1_presentation_overview.pdf Graphic file 
(type pdf)
<use ../03_clip_text_shap_S1_S10/S1/S1_presentation_overview.pdf>
Package pdftex.def Info: ../03_clip_text_shap_S1_S10/S1/S1_presentation_overvie
w.pdf  used on input line 1226.
(pdftex.def)             Requested size: 280.09857pt x 169.30807pt.
<../03_clip_text_shap_S1_S10/S1/S1_token_class_matrix.pdf, id=4113, 626.28395pt
 x 569.4621pt>
File: ../03_clip_text_shap_S1_S10/S1/S1_token_class_matrix.pdf Graphic file (ty
pe pdf)
<use ../03_clip_text_shap_S1_S10/S1/S1_token_class_matrix.pdf>
Package pdftex.def Info: ../03_clip_text_shap_S1_S10/S1/S1_token_class_matrix.p
df  used on input line 1226.
(pdftex.def)             Requested size: 139.65593pt x 126.98514pt.
<../03_clip_text_shap_S1_S10/S1/S1_word_class_matrix.pdf, id=4114, 625.0556pt x
 514.26228pt>
File: ../03_clip_text_shap_S1_S10/S1/S1_word_class_matrix.pdf Graphic file (typ
e pdf)
<use ../03_clip_text_shap_S1_S10/S1/S1_word_class_matrix.pdf>
Package pdftex.def Info: ../03_clip_text_shap_S1_S10/S1/S1_word_class_matrix.pd
f  used on input line 1226.
(pdftex.def)             Requested size: 151.14183pt x 124.35141pt.
<../03_clip_text_shap_S1_S10/S1/S1_summary_matrix.pdf, id=4115, 626.82245pt x 5
02.85768pt>
File: ../03_clip_text_shap_S1_S10/S1/S1_summary_matrix.pdf Graphic file (type p
df)
<use ../03_clip_text_shap_S1_S10/S1/S1_summary_matrix.pdf>
Package pdftex.def Info: ../03_clip_text_shap_S1_S10/S1/S1_summary_matrix.pdf  
used on input line 1226.
(pdftex.def)             Requested size: 151.13866pt x 121.24843pt.
 [30

 <../03_clip_text_shap_S1_S10/S1/S1_dual_class_word_bar.pdf> <../03_clip_text_s
hap_S1_S10/S1/S1_presentation_overview.pdf> <../03_clip_text_shap_S1_S10/S1/S1_
token_class_matrix.pdf> <../03_clip_text_shap_S1_S10/S1/S1_word_class_matrix.pd
f> <../03_clip_text_shap_S1_S10/S1/S1_summary_matrix.pdf>]
<../03_clip_text_shap_S1_S10/S2/S2_dual_class_word_bar.pdf, id=4436, 1070.53822
pt x 589.55278pt>
File: ../03_clip_text_shap_S1_S10/S2/S2_dual_class_word_bar.pdf Graphic file (t
ype pdf)
<use ../03_clip_text_shap_S1_S10/S2/S2_dual_class_word_bar.pdf>
Package pdftex.def Info: ../03_clip_text_shap_S1_S10/S2/S2_dual_class_word_bar.
pdf  used on input line 1227.
(pdftex.def)             Requested size: 365.9874pt x 201.55177pt.
<../03_clip_text_shap_S1_S10/S2/S2_presentation_overview.pdf, id=4437, 1002.472
7pt x 585.42653pt>
File: ../03_clip_text_shap_S1_S10/S2/S2_presentation_overview.pdf Graphic file 
(type pdf)
<use ../03_clip_text_shap_S1_S10/S2/S2_presentation_overview.pdf>
Package pdftex.def Info: ../03_clip_text_shap_S1_S10/S2/S2_presentation_overvie
w.pdf  used on input line 1227.
(pdftex.def)             Requested size: 345.13452pt x 201.55252pt.
<../03_clip_text_shap_S1_S10/S2/S2_token_class_matrix.pdf, id=4438, 626.5486pt 
x 541.86217pt>
File: ../03_clip_text_shap_S1_S10/S2/S2_token_class_matrix.pdf Graphic file (ty
pe pdf)
<use ../03_clip_text_shap_S1_S10/S2/S2_token_class_matrix.pdf>
Package pdftex.def Info: ../03_clip_text_shap_S1_S10/S2/S2_token_class_matrix.p
df  used on input line 1227.
(pdftex.def)             Requested size: 151.13956pt x 130.71103pt.
<../03_clip_text_shap_S1_S10/S2/S2_word_class_matrix.pdf, id=4439, 624.44719pt 
x 486.66234pt>
File: ../03_clip_text_shap_S1_S10/S2/S2_word_class_matrix.pdf Graphic file (typ
e pdf)
<use ../03_clip_text_shap_S1_S10/S2/S2_word_class_matrix.pdf>
Package pdftex.def Info: ../03_clip_text_shap_S1_S10/S2/S2_word_class_matrix.pd
f  used on input line 1227.
(pdftex.def)             Requested size: 151.13765pt x 117.78899pt.
<../03_clip_text_shap_S1_S10/S2/S2_summary_matrix.pdf, id=4440, 626.82245pt x 5
02.85768pt>
File: ../03_clip_text_shap_S1_S10/S2/S2_summary_matrix.pdf Graphic file (type p
df)
<use ../03_clip_text_shap_S1_S10/S2/S2_summary_matrix.pdf>
Package pdftex.def Info: ../03_clip_text_shap_S1_S10/S2/S2_summary_matrix.pdf  
used on input line 1227.
(pdftex.def)             Requested size: 151.13866pt x 121.24843pt.
 [31

 <../03_clip_text_shap_S1_S10/S2/S2_dual_class_word_bar.pdf> <../03_clip_text_s
hap_S1_S10/S2/S2_presentation_overview.pdf> <../03_clip_text_shap_S1_S10/S2/S2_
token_class_matrix.pdf> <../03_clip_text_shap_S1_S10/S2/S2_word_class_matrix.pd
f> <../03_clip_text_shap_S1_S10/S2/S2_summary_matrix.pdf>]
File: ../03_clip_text_shap_S1_S10/S3/S3_dual_class_word_bar.pdf Graphic file (t
ype pdf)
<use ../03_clip_text_shap_S1_S10/S3/S3_dual_class_word_bar.pdf>
Package pdftex.def Info: ../03_clip_text_shap_S1_S10/S3/S3_dual_class_word_bar.
pdf  used on input line 1228.
(pdftex.def)             Requested size: 348.84274pt x 201.55406pt.
<../03_clip_text_shap_S1_S10/S3/S3_presentation_overview.pdf, id=4761, 1002.494
7pt x 605.86446pt>
File: ../03_clip_text_shap_S1_S10/S3/S3_presentation_overview.pdf Graphic file 
(type pdf)
<use ../03_clip_text_shap_S1_S10/S3/S3_presentation_overview.pdf>
Package pdftex.def Info: ../03_clip_text_shap_S1_S10/S3/S3_presentation_overvie
w.pdf  used on input line 1228.
(pdftex.def)             Requested size: 333.50122pt x 201.55371pt.
<../03_clip_text_shap_S1_S10/S3/S3_token_class_matrix.pdf, id=4762, 626.01628pt
 x 597.06198pt>
File: ../03_clip_text_shap_S1_S10/S3/S3_token_class_matrix.pdf Graphic file (ty
pe pdf)
<use ../03_clip_text_shap_S1_S10/S3/S3_token_class_matrix.pdf>
Package pdftex.def Info: ../03_clip_text_shap_S1_S10/S3/S3_token_class_matrix.p
df  used on input line 1228.
(pdftex.def)             Requested size: 151.14488pt x 144.15417pt.
<../03_clip_text_shap_S1_S10/S3/S3_word_class_matrix.pdf, id=4763, 626.14468pt 
x 514.26228pt>
File: ../03_clip_text_shap_S1_S10/S3/S3_word_class_matrix.pdf Graphic file (typ
e pdf)
<use ../03_clip_text_shap_S1_S10/S3/S3_word_class_matrix.pdf>
Package pdftex.def Info: ../03_clip_text_shap_S1_S10/S3/S3_word_class_matrix.pd
f  used on input line 1228.
(pdftex.def)             Requested size: 151.13766pt x 124.1317pt.
<../03_clip_text_shap_S1_S10/S3/S3_summary_matrix.pdf, id=4764, 626.82245pt x 5
02.85768pt>
File: ../03_clip_text_shap_S1_S10/S3/S3_summary_matrix.pdf Graphic file (type p
df)
<use ../03_clip_text_shap_S1_S10/S3/S3_summary_matrix.pdf>
Package pdftex.def Info: ../03_clip_text_shap_S1_S10/S3/S3_summary_matrix.pdf  
used on input line 1228.
(pdftex.def)             Requested size: 151.13866pt x 121.24843pt.
 [32

 <../03_clip_text_shap_S1_S10/S3/S3_presentation_overview.pdf> <../03_clip_text
_shap_S1_S10/S3/S3_token_class_matrix.pdf> <../03_clip_text_shap_S1_S10/S3/S3_w
ord_class_matrix.pdf> <../03_clip_text_shap_S1_S10/S3/S3_summary_matrix.pdf>]
<../03_clip_text_shap_S1_S10/S4/S4_dual_class_word_bar.pdf, id=5031, 1070.45662
pt x 531.50548pt>
File: ../03_clip_text_shap_S1_S10/S4/S4_dual_class_word_bar.pdf Graphic file (t
ype pdf)
<use ../03_clip_text_shap_S1_S10/S4/S4_dual_class_word_bar.pdf>
Package pdftex.def Info: ../03_clip_text_shap_S1_S10/S4/S4_dual_class_word_bar.
pdf  used on input line 1229.
(pdftex.def)             Requested size: 405.92839pt x 201.55244pt.
<../03_clip_text_shap_S1_S10/S4/S4_presentation_overview.pdf, id=5032, 1002.391
16pt x 585.42653pt>
File: ../03_clip_text_shap_S1_S10/S4/S4_presentation_overview.pdf Graphic file 
(type pdf)
<use ../03_clip_text_shap_S1_S10/S4/S4_presentation_overview.pdf>
Package pdftex.def Info: ../03_clip_text_shap_S1_S10/S4/S4_presentation_overvie
w.pdf  used on input line 1229.
(pdftex.def)             Requested size: 345.10645pt x 201.55252pt.
<../03_clip_text_shap_S1_S10/S4/S4_token_class_matrix.pdf, id=5033, 627.13092pt
 x 541.86217pt>
File: ../03_clip_text_shap_S1_S10/S4/S4_token_class_matrix.pdf Graphic file (ty
pe pdf)
<use ../03_clip_text_shap_S1_S10/S4/S4_token_class_matrix.pdf>
Package pdftex.def Info: ../03_clip_text_shap_S1_S10/S4/S4_token_class_matrix.p
df  used on input line 1229.
(pdftex.def)             Requested size: 151.13649pt x 130.587pt.
<../03_clip_text_shap_S1_S10/S4/S4_word_class_matrix.pdf, id=5034, 624.53731pt 
x 431.46252pt>
File: ../03_clip_text_shap_S1_S10/S4/S4_word_class_matrix.pdf Graphic file (typ
e pdf)
<use ../03_clip_text_shap_S1_S10/S4/S4_word_class_matrix.pdf>
Package pdftex.def Info: ../03_clip_text_shap_S1_S10/S4/S4_word_class_matrix.pd
f  used on input line 1229.
(pdftex.def)             Requested size: 151.1404pt x 104.41556pt.
<../03_clip_text_shap_S1_S10/S4/S4_summary_matrix.pdf, id=5035, 626.82245pt x 5
02.85768pt>
File: ../03_clip_text_shap_S1_S10/S4/S4_summary_matrix.pdf Graphic file (type p
df)
<use ../03_clip_text_shap_S1_S10/S4/S4_summary_matrix.pdf>
Package pdftex.def Info: ../03_clip_text_shap_S1_S10/S4/S4_summary_matrix.pdf  
used on input line 1229.
(pdftex.def)             Requested size: 151.13866pt x 121.24843pt.
 [33

 <../03_clip_text_shap_S1_S10/S4/S4_dual_class_word_bar.pdf> <../03_clip_text_s
hap_S1_S10/S4/S4_presentation_overview.pdf> <../03_clip_text_shap_S1_S10/S4/S4_
token_class_matrix.pdf> <../03_clip_text_shap_S1_S10/S4/S4_word_class_matrix.pd
f> <../03_clip_text_shap_S1_S10/S4/S4_summary_matrix.pdf>]
<../03_clip_text_shap_S1_S10/S5/S5_dual_class_word_bar.pdf, id=5358, 1074.13417
pt x 647.60004pt>
File: ../03_clip_text_shap_S1_S10/S5/S5_dual_class_word_bar.pdf Graphic file (t
ype pdf)
<use ../03_clip_text_shap_S1_S10/S5/S5_dual_class_word_bar.pdf>
Package pdftex.def Info: ../03_clip_text_shap_S1_S10/S5/S5_dual_class_word_bar.
pdf  used on input line 1230.
(pdftex.def)             Requested size: 334.30574pt x 201.55434pt.
<../03_clip_text_shap_S1_S10/S5/S5_presentation_overview.pdf, id=5359, 1002.425
66pt x 630.68196pt>
File: ../03_clip_text_shap_S1_S10/S5/S5_presentation_overview.pdf Graphic file 
(type pdf)
<use ../03_clip_text_shap_S1_S10/S5/S5_presentation_overview.pdf>
Package pdftex.def Info: ../03_clip_text_shap_S1_S10/S5/S5_presentation_overvie
w.pdf  used on input line 1230.
(pdftex.def)             Requested size: 320.35448pt x 201.55289pt.
<../03_clip_text_shap_S1_S10/S5/S5_token_class_matrix.pdf, id=5360, 626.0414pt 
x 597.06198pt>
File: ../03_clip_text_shap_S1_S10/S5/S5_token_class_matrix.pdf Graphic file (ty
pe pdf)
<use ../03_clip_text_shap_S1_S10/S5/S5_token_class_matrix.pdf>
Package pdftex.def Info: ../03_clip_text_shap_S1_S10/S5/S5_token_class_matrix.p
df  used on input line 1230.
(pdftex.def)             Requested size: 151.14139pt x 144.14507pt.
<../03_clip_text_shap_S1_S10/S5/S5_word_class_matrix.pdf, id=5361, 625.15092pt 
x 541.86217pt>
File: ../03_clip_text_shap_S1_S10/S5/S5_word_class_matrix.pdf Graphic file (typ
e pdf)
<use ../03_clip_text_shap_S1_S10/S5/S5_word_class_matrix.pdf>
Package pdftex.def Info: ../03_clip_text_shap_S1_S10/S5/S5_word_class_matrix.pd
f  used on input line 1230.
(pdftex.def)             Requested size: 151.14581pt x 131.00868pt.
<../03_clip_text_shap_S1_S10/S5/S5_summary_matrix.pdf, id=5362, 626.82245pt x 5
02.85768pt>
File: ../03_clip_text_shap_S1_S10/S5/S5_summary_matrix.pdf Graphic file (type p
df)
<use ../03_clip_text_shap_S1_S10/S5/S5_summary_matrix.pdf>
Package pdftex.def Info: ../03_clip_text_shap_S1_S10/S5/S5_summary_matrix.pdf  
used on input line 1230.
(pdftex.def)             Requested size: 151.13866pt x 121.24843pt.
 [34

 <../03_clip_text_shap_S1_S10/S5/S5_dual_class_word_bar.pdf> <../03_clip_text_s
hap_S1_S10/S5/S5_presentation_overview.pdf> <../03_clip_text_shap_S1_S10/S5/S5_
token_class_matrix.pdf> <../03_clip_text_shap_S1_S10/S5/S5_word_class_matrix.pd
f> <../03_clip_text_shap_S1_S10/S5/S5_summary_matrix.pdf>]
<../03_clip_text_shap_S1_S10/S6/S6_dual_class_word_bar.pdf, id=5683, 1070.69186
pt x 560.52913pt>
File: ../03_clip_text_shap_S1_S10/S6/S6_dual_class_word_bar.pdf Graphic file (t
ype pdf)
<use ../03_clip_text_shap_S1_S10/S6/S6_dual_class_word_bar.pdf>
Package pdftex.def Info: ../03_clip_text_shap_S1_S10/S6/S6_dual_class_word_bar.
pdf  used on input line 1231.
(pdftex.def)             Requested size: 385.00766pt x 201.5594pt.
<../03_clip_text_shap_S1_S10/S6/S6_presentation_overview.pdf, id=5684, 1002.576
25pt x 585.42653pt>
File: ../03_clip_text_shap_S1_S10/S6/S6_presentation_overview.pdf Graphic file 
(type pdf)
<use ../03_clip_text_shap_S1_S10/S6/S6_presentation_overview.pdf>
Package pdftex.def Info: ../03_clip_text_shap_S1_S10/S6/S6_presentation_overvie
w.pdf  used on input line 1231.
(pdftex.def)             Requested size: 345.17017pt x 201.55252pt.
<../03_clip_text_shap_S1_S10/S6/S6_token_class_matrix.pdf, id=5685, 626.85358pt
 x 514.26228pt>
File: ../03_clip_text_shap_S1_S10/S6/S6_token_class_matrix.pdf Graphic file (ty
pe pdf)
<use ../03_clip_text_shap_S1_S10/S6/S6_token_class_matrix.pdf>
Package pdftex.def Info: ../03_clip_text_shap_S1_S10/S6/S6_token_class_matrix.p
df  used on input line 1231.
(pdftex.def)             Requested size: 151.14616pt x 123.99829pt.
<../03_clip_text_shap_S1_S10/S6/S6_word_class_matrix.pdf, id=5686, 625.13475pt 
x 459.06244pt>
File: ../03_clip_text_shap_S1_S10/S6/S6_word_class_matrix.pdf Graphic file (typ
e pdf)
<use ../03_clip_text_shap_S1_S10/S6/S6_word_class_matrix.pdf>
Package pdftex.def Info: ../03_clip_text_shap_S1_S10/S6/S6_word_class_matrix.pd
f  used on input line 1231.
(pdftex.def)             Requested size: 151.14189pt x 110.98978pt.
<../03_clip_text_shap_S1_S10/S6/S6_summary_matrix.pdf, id=5687, 626.82245pt x 5
02.85768pt>
File: ../03_clip_text_shap_S1_S10/S6/S6_summary_matrix.pdf Graphic file (type p
df)
<use ../03_clip_text_shap_S1_S10/S6/S6_summary_matrix.pdf>
Package pdftex.def Info: ../03_clip_text_shap_S1_S10/S6/S6_summary_matrix.pdf  
used on input line 1231.
(pdftex.def)             Requested size: 151.13866pt x 121.24843pt.
 [35

 <../03_clip_text_shap_S1_S10/S6/S6_dual_class_word_bar.pdf> <../03_clip_text_s
hap_S1_S10/S6/S6_presentation_overview.pdf> <../03_clip_text_shap_S1_S10/S6/S6_
token_class_matrix.pdf> <../03_clip_text_shap_S1_S10/S6/S6_word_class_matrix.pd
f> <../03_clip_text_shap_S1_S10/S6/S6_summary_matrix.pdf>]
<../03_clip_text_shap_S1_S10/S7/S7_dual_class_word_bar.pdf, id=6012, 1074.19385
pt x 589.55278pt>
File: ../03_clip_text_shap_S1_S10/S7/S7_dual_class_word_bar.pdf Graphic file (t
ype pdf)
<use ../03_clip_text_shap_S1_S10/S7/S7_dual_class_word_bar.pdf>
Package pdftex.def Info: ../03_clip_text_shap_S1_S10/S7/S7_dual_class_word_bar.
pdf  used on input line 1232.
(pdftex.def)             Requested size: 367.23715pt x 201.55177pt.
<../03_clip_text_shap_S1_S10/S7/S7_presentation_overview.pdf, id=6013, 1002.485
26pt x 585.42653pt>
File: ../03_clip_text_shap_S1_S10/S7/S7_presentation_overview.pdf Graphic file 
(type pdf)
<use ../03_clip_text_shap_S1_S10/S7/S7_presentation_overview.pdf>
Package pdftex.def Info: ../03_clip_text_shap_S1_S10/S7/S7_presentation_overvie
w.pdf  used on input line 1232.
(pdftex.def)             Requested size: 345.13884pt x 201.55252pt.
<../03_clip_text_shap_S1_S10/S7/S7_token_class_matrix.pdf, id=6014, 626.0759pt 
x 624.66191pt>
File: ../03_clip_text_shap_S1_S10/S7/S7_token_class_matrix.pdf Graphic file (ty
pe pdf)
<use ../03_clip_text_shap_S1_S10/S7/S7_token_class_matrix.pdf>
Package pdftex.def Info: ../03_clip_text_shap_S1_S10/S7/S7_token_class_matrix.p
df  used on input line 1232.
(pdftex.def)             Requested size: 151.14017pt x 150.79881pt.
<../03_clip_text_shap_S1_S10/S7/S7_word_class_matrix.pdf, id=6015, 625.0363pt x
 486.66234pt>
File: ../03_clip_text_shap_S1_S10/S7/S7_word_class_matrix.pdf Graphic file (typ
e pdf)
<use ../03_clip_text_shap_S1_S10/S7/S7_word_class_matrix.pdf>
Package pdftex.def Info: ../03_clip_text_shap_S1_S10/S7/S7_word_class_matrix.pd
f  used on input line 1232.
(pdftex.def)             Requested size: 151.13718pt x 117.6776pt.
<../03_clip_text_shap_S1_S10/S7/S7_summary_matrix.pdf, id=6016, 626.82245pt x 5
02.85768pt>
File: ../03_clip_text_shap_S1_S10/S7/S7_summary_matrix.pdf Graphic file (type p
df)
<use ../03_clip_text_shap_S1_S10/S7/S7_summary_matrix.pdf>
Package pdftex.def Info: ../03_clip_text_shap_S1_S10/S7/S7_summary_matrix.pdf  
used on input line 1232.
(pdftex.def)             Requested size: 151.13866pt x 121.24843pt.
 [36

 <../03_clip_text_shap_S1_S10/S7/S7_dual_class_word_bar.pdf> <../03_clip_text_s
hap_S1_S10/S7/S7_presentation_overview.pdf> <../03_clip_text_shap_S1_S10/S7/S7_
token_class_matrix.pdf> <../03_clip_text_shap_S1_S10/S7/S7_word_class_matrix.pd
f> <../03_clip_text_shap_S1_S10/S7/S7_summary_matrix.pdf>]
<../03_clip_text_shap_S1_S10/S8/S8_dual_class_word_bar.pdf, id=6336, 1070.66675
pt x 647.60004pt>
File: ../03_clip_text_shap_S1_S10/S8/S8_dual_class_word_bar.pdf Graphic file (t
ype pdf)
<use ../03_clip_text_shap_S1_S10/S8/S8_dual_class_word_bar.pdf>
Package pdftex.def Info: ../03_clip_text_shap_S1_S10/S8/S8_dual_class_word_bar.
pdf  used on input line 1233.
(pdftex.def)             Requested size: 333.22656pt x 201.55434pt.
<../03_clip_text_shap_S1_S10/S8/S8_presentation_overview.pdf, id=6337, 1002.551
12pt x 630.68196pt>
File: ../03_clip_text_shap_S1_S10/S8/S8_presentation_overview.pdf Graphic file 
(type pdf)
<use ../03_clip_text_shap_S1_S10/S8/S8_presentation_overview.pdf>
Package pdftex.def Info: ../03_clip_text_shap_S1_S10/S8/S8_presentation_overvie
w.pdf  used on input line 1233.
(pdftex.def)             Requested size: 320.39458pt x 201.55289pt.
<../03_clip_text_shap_S1_S10/S8/S8_token_class_matrix.pdf, id=6338, 626.07277pt
 x 597.06198pt>
File: ../03_clip_text_shap_S1_S10/S8/S8_token_class_matrix.pdf Graphic file (ty
pe pdf)
<use ../03_clip_text_shap_S1_S10/S8/S8_token_class_matrix.pdf>
Package pdftex.def Info: ../03_clip_text_shap_S1_S10/S8/S8_token_class_matrix.p
df  used on input line 1233.
(pdftex.def)             Requested size: 151.13942pt x 144.13596pt.
<../03_clip_text_shap_S1_S10/S8/S8_word_class_matrix.pdf, id=6339, 626.17508pt 
x 541.86217pt>
File: ../03_clip_text_shap_S1_S10/S8/S8_word_class_matrix.pdf Graphic file (typ
e pdf)
<use ../03_clip_text_shap_S1_S10/S8/S8_word_class_matrix.pdf>
Package pdftex.def Info: ../03_clip_text_shap_S1_S10/S8/S8_word_class_matrix.pd
f  used on input line 1233.
(pdftex.def)             Requested size: 151.13545pt x 130.78543pt.
<../03_clip_text_shap_S1_S10/S8/S8_summary_matrix.pdf, id=6340, 626.82245pt x 5
02.85768pt>
File: ../03_clip_text_shap_S1_S10/S8/S8_summary_matrix.pdf Graphic file (type p
df)
<use ../03_clip_text_shap_S1_S10/S8/S8_summary_matrix.pdf>
Package pdftex.def Info: ../03_clip_text_shap_S1_S10/S8/S8_summary_matrix.pdf  
used on input line 1233.
(pdftex.def)             Requested size: 151.13866pt x 121.24843pt.

[37

 <../03_clip_text_shap_S1_S10/S8/S8_dual_class_word_bar.pdf> <../03_clip_text_s
hap_S1_S10/S8/S8_presentation_overview.pdf> <../03_clip_text_shap_S1_S10/S8/S8_
token_class_matrix.pdf> <../03_clip_text_shap_S1_S10/S8/S8_word_class_matrix.pd
f> <../03_clip_text_shap_S1_S10/S8/S8_summary_matrix.pdf>]
<../03_clip_text_shap_S1_S10/S9/S9_dual_class_word_bar.pdf, id=6665, 1070.66675
pt x 647.60004pt>
File: ../03_clip_text_shap_S1_S10/S9/S9_dual_class_word_bar.pdf Graphic file (t
ype pdf)
<use ../03_clip_text_shap_S1_S10/S9/S9_dual_class_word_bar.pdf>
Package pdftex.def Info: ../03_clip_text_shap_S1_S10/S9/S9_dual_class_word_bar.
pdf  used on input line 1234.
(pdftex.def)             Requested size: 333.22656pt x 201.55434pt.
<../03_clip_text_shap_S1_S10/S9/S9_presentation_overview.pdf, id=6666, 1002.601
36pt x 630.68196pt>
File: ../03_clip_text_shap_S1_S10/S9/S9_presentation_overview.pdf Graphic file 
(type pdf)
<use ../03_clip_text_shap_S1_S10/S9/S9_presentation_overview.pdf>
Package pdftex.def Info: ../03_clip_text_shap_S1_S10/S9/S9_presentation_overvie
w.pdf  used on input line 1234.
(pdftex.def)             Requested size: 320.41063pt x 201.55289pt.
<../03_clip_text_shap_S1_S10/S9/S9_token_class_matrix.pdf, id=6667, 626.15431pt
 x 624.66191pt>
File: ../03_clip_text_shap_S1_S10/S9/S9_token_class_matrix.pdf Graphic file (ty
pe pdf)
<use ../03_clip_text_shap_S1_S10/S9/S9_token_class_matrix.pdf>
Package pdftex.def Info: ../03_clip_text_shap_S1_S10/S9/S9_token_class_matrix.p
df  used on input line 1234.
(pdftex.def)             Requested size: 151.13998pt x 150.77975pt.
<../03_clip_text_shap_S1_S10/S9/S9_word_class_matrix.pdf, id=6668, 626.25717pt 
x 541.86217pt>
File: ../03_clip_text_shap_S1_S10/S9/S9_word_class_matrix.pdf Graphic file (typ
e pdf)
<use ../03_clip_text_shap_S1_S10/S9/S9_word_class_matrix.pdf>
Package pdftex.def Info: ../03_clip_text_shap_S1_S10/S9/S9_word_class_matrix.pd
f  used on input line 1234.
(pdftex.def)             Requested size: 151.1457pt x 130.77716pt.
<../03_clip_text_shap_S1_S10/S9/S9_summary_matrix.pdf, id=6669, 626.82245pt x 5
02.85768pt>
File: ../03_clip_text_shap_S1_S10/S9/S9_summary_matrix.pdf Graphic file (type p
df)
<use ../03_clip_text_shap_S1_S10/S9/S9_summary_matrix.pdf>
Package pdftex.def Info: ../03_clip_text_shap_S1_S10/S9/S9_summary_matrix.pdf  
used on input line 1234.
(pdftex.def)             Requested size: 151.13866pt x 121.24843pt.
 [38

 <../03_clip_text_shap_S1_S10/S9/S9_dual_class_word_bar.pdf> <../03_clip_text_s
hap_S1_S10/S9/S9_presentation_overview.pdf> <../03_clip_text_shap_S1_S10/S9/S9_
token_class_matrix.pdf> <../03_clip_text_shap_S1_S10/S9/S9_word_class_matrix.pd
f> <../03_clip_text_shap_S1_S10/S9/S9_summary_matrix.pdf>]
<../03_clip_text_shap_S1_S10/S10/S10_dual_class_word_bar.pdf, id=6996, 1070.723
24pt x 589.55278pt>
File: ../03_clip_text_shap_S1_S10/S10/S10_dual_class_word_bar.pdf Graphic file 
(type pdf)
<use ../03_clip_text_shap_S1_S10/S10/S10_dual_class_word_bar.pdf>
Package pdftex.def Info: ../03_clip_text_shap_S1_S10/S10/S10_dual_class_word_ba
r.pdf  used on input line 1235.
(pdftex.def)             Requested size: 366.05064pt x 201.55177pt.
<../03_clip_text_shap_S1_S10/S10/S10_presentation_overview.pdf, id=6997, 1002.6
076pt x 585.42653pt>
File: ../03_clip_text_shap_S1_S10/S10/S10_presentation_overview.pdf Graphic fil
e (type pdf)
<use ../03_clip_text_shap_S1_S10/S10/S10_presentation_overview.pdf>
Package pdftex.def Info: ../03_clip_text_shap_S1_S10/S10/S10_presentation_overv
iew.pdf  used on input line 1235.
(pdftex.def)             Requested size: 345.18097pt x 201.55252pt.
<../03_clip_text_shap_S1_S10/S10/S10_token_class_matrix.pdf, id=6998, 627.08736
pt x 541.86217pt>
File: ../03_clip_text_shap_S1_S10/S10/S10_token_class_matrix.pdf Graphic file (
type pdf)
<use ../03_clip_text_shap_S1_S10/S10/S10_token_class_matrix.pdf>
Package pdftex.def Info: ../03_clip_text_shap_S1_S10/S10/S10_token_class_matrix
.pdf  used on input line 1235.
(pdftex.def)             Requested size: 151.14513pt x 130.60353pt.
<../03_clip_text_shap_S1_S10/S10/S10_word_class_matrix.pdf, id=6999, 625.36853p
t x 486.66234pt>
File: ../03_clip_text_shap_S1_S10/S10/S10_word_class_matrix.pdf Graphic file (t
ype pdf)
<use ../03_clip_text_shap_S1_S10/S10/S10_word_class_matrix.pdf>
Package pdftex.def Info: ../03_clip_text_shap_S1_S10/S10/S10_word_class_matrix.
pdf  used on input line 1235.
(pdftex.def)             Requested size: 151.14116pt x 117.61818pt.
<../03_clip_text_shap_S1_S10/S10/S10_summary_matrix.pdf, id=7000, 626.82245pt x
 502.85768pt>
File: ../03_clip_text_shap_S1_S10/S10/S10_summary_matrix.pdf Graphic file (type
 pdf)
<use ../03_clip_text_shap_S1_S10/S10/S10_summary_matrix.pdf>
Package pdftex.def Info: ../03_clip_text_shap_S1_S10/S10/S10_summary_matrix.pdf
  used on input line 1235.
(pdftex.def)             Requested size: 151.13866pt x 121.24843pt.
 [39

 <../03_clip_text_shap_S1_S10/S10/S10_dual_class_word_bar.pdf> <../03_clip_text
_shap_S1_S10/S10/S10_presentation_overview.pdf> <../03_clip_text_shap_S1_S10/S1
0/S10_token_class_matrix.pdf> <../03_clip_text_shap_S1_S10/S10/S10_word_class_m
atrix.pdf> <../03_clip_text_shap_S1_S10/S10/S10_summary_matrix.pdf>]
File: ../04_clip_vision_shap_I1_I10_patch_overlay_values/I1_SHAP_patch_overlay_
values.pdf Graphic file (type pdf)
<use ../04_clip_vision_shap_I1_I10_patch_overlay_values/I1_SHAP_patch_overlay_v
alues.pdf>
Package pdftex.def Info: ../04_clip_vision_shap_I1_I10_patch_overlay_values/I1_
SHAP_patch_overlay_values.pdf  used on input line 1243.
(pdftex.def)             Requested size: 280.23706pt x 253.8257pt.
<../04_clip_vision_shap_I1_I10_patch_overlay_values/I2_SHAP_patch_overlay_value
s.pdf, id=7330, 581.15434pt x 520.60097pt>
File: ../04_clip_vision_shap_I1_I10_patch_overlay_values/I2_SHAP_patch_overlay_
values.pdf Graphic file (type pdf)
<use ../04_clip_vision_shap_I1_I10_patch_overlay_values/I2_SHAP_patch_overlay_v
alues.pdf>
Package pdftex.def Info: ../04_clip_vision_shap_I1_I10_patch_overlay_values/I2_
SHAP_patch_overlay_values.pdf  used on input line 1243.
(pdftex.def)             Requested size: 283.34929pt x 253.8257pt.
 [40

 <../04_clip_vision_shap_I1_I10_patch_overlay_values/I2_SHAP_patch_overlay_valu
es.pdf>]
<../04_clip_vision_shap_I1_I10_patch_overlay_values/I3_SHAP_patch_overlay_value
s.pdf, id=7396, 574.77112pt x 520.60097pt>
File: ../04_clip_vision_shap_I1_I10_patch_overlay_values/I3_SHAP_patch_overlay_
values.pdf Graphic file (type pdf)
<use ../04_clip_vision_shap_I1_I10_patch_overlay_values/I3_SHAP_patch_overlay_v
alues.pdf>
Package pdftex.def Info: ../04_clip_vision_shap_I1_I10_patch_overlay_values/I3_
SHAP_patch_overlay_values.pdf  used on input line 1244.
(pdftex.def)             Requested size: 325.85133pt x 295.14099pt.
File: ../04_clip_vision_shap_I1_I10_patch_overlay_values/I4_SHAP_patch_overlay_
values.pdf Graphic file (type pdf)
<use ../04_clip_vision_shap_I1_I10_patch_overlay_values/I4_SHAP_patch_overlay_v
alues.pdf>
Package pdftex.def Info: ../04_clip_vision_shap_I1_I10_patch_overlay_values/I4_
SHAP_patch_overlay_values.pdf  used on input line 1244.
(pdftex.def)             Requested size: 325.85133pt x 295.14099pt.
 [41

 <../04_clip_vision_shap_I1_I10_patch_overlay_values/I3_SHAP_patch_overlay_valu
es.pdf>]
<../04_clip_vision_shap_I1_I10_patch_overlay_values/I5_SHAP_patch_overlay_value
s.pdf, id=7462, 574.77112pt x 520.60097pt>
File: ../04_clip_vision_shap_I1_I10_patch_overlay_values/I5_SHAP_patch_overlay_
values.pdf Graphic file (type pdf)
<use ../04_clip_vision_shap_I1_I10_patch_overlay_values/I5_SHAP_patch_overlay_v
alues.pdf>
Package pdftex.def Info: ../04_clip_vision_shap_I1_I10_patch_overlay_values/I5_
SHAP_patch_overlay_values.pdf  used on input line 1245.
(pdftex.def)             Requested size: 325.85133pt x 295.14099pt.
<../04_clip_vision_shap_I1_I10_patch_overlay_values/I6_SHAP_patch_overlay_value
s.pdf, id=7463, 574.77112pt x 520.60097pt>
File: ../04_clip_vision_shap_I1_I10_patch_overlay_values/I6_SHAP_patch_overlay_
values.pdf Graphic file (type pdf)
<use ../04_clip_vision_shap_I1_I10_patch_overlay_values/I6_SHAP_patch_overlay_v
alues.pdf>
Package pdftex.def Info: ../04_clip_vision_shap_I1_I10_patch_overlay_values/I6_
SHAP_patch_overlay_values.pdf  used on input line 1245.
(pdftex.def)             Requested size: 325.85133pt x 295.14099pt.
 [42

 <../04_clip_vision_shap_I1_I10_patch_overlay_values/I5_SHAP_patch_overlay_valu
es.pdf> <../04_clip_vision_shap_I1_I10_patch_overlay_values/I6_SHAP_patch_overl
ay_values.pdf>]
<../04_clip_vision_shap_I1_I10_patch_overlay_values/I7_SHAP_patch_overlay_value
s.pdf, id=7590, 581.15434pt x 520.60097pt>
File: ../04_clip_vision_shap_I1_I10_patch_overlay_values/I7_SHAP_patch_overlay_
values.pdf Graphic file (type pdf)
<use ../04_clip_vision_shap_I1_I10_patch_overlay_values/I7_SHAP_patch_overlay_v
alues.pdf>
Package pdftex.def Info: ../04_clip_vision_shap_I1_I10_patch_overlay_values/I7_
SHAP_patch_overlay_values.pdf  used on input line 1246.
(pdftex.def)             Requested size: 329.47014pt x 295.14099pt.
<../04_clip_vision_shap_I1_I10_patch_overlay_values/I8_SHAP_patch_overlay_value
s.pdf, id=7591, 574.77112pt x 520.60097pt>
File: ../04_clip_vision_shap_I1_I10_patch_overlay_values/I8_SHAP_patch_overlay_
values.pdf Graphic file (type pdf)
<use ../04_clip_vision_shap_I1_I10_patch_overlay_values/I8_SHAP_patch_overlay_v
alues.pdf>
Package pdftex.def Info: ../04_clip_vision_shap_I1_I10_patch_overlay_values/I8_
SHAP_patch_overlay_values.pdf  used on input line 1246.
(pdftex.def)             Requested size: 325.85133pt x 295.14099pt.
 [43

 <../04_clip_vision_shap_I1_I10_patch_overlay_values/I7_SHAP_patch_overlay_valu
es.pdf> <../04_clip_vision_shap_I1_I10_patch_overlay_values/I8_SHAP_patch_overl
ay_values.pdf>]
<../04_clip_vision_shap_I1_I10_patch_overlay_values/I9_SHAP_patch_overlay_value
s.pdf, id=7718, 581.15434pt x 520.60097pt>
File: ../04_clip_vision_shap_I1_I10_patch_overlay_values/I9_SHAP_patch_overlay_
values.pdf Graphic file (type pdf)
<use ../04_clip_vision_shap_I1_I10_patch_overlay_values/I9_SHAP_patch_overlay_v
alues.pdf>
Package pdftex.def Info: ../04_clip_vision_shap_I1_I10_patch_overlay_values/I9_
SHAP_patch_overlay_values.pdf  used on input line 1247.
(pdftex.def)             Requested size: 329.47014pt x 295.14099pt.
<../04_clip_vision_shap_I1_I10_patch_overlay_values/I10_SHAP_patch_overlay_valu
es.pdf, id=7719, 574.77112pt x 520.60097pt>
File: ../04_clip_vision_shap_I1_I10_patch_overlay_values/I10_SHAP_patch_overlay
_values.pdf Graphic file (type pdf)
<use ../04_clip_vision_shap_I1_I10_patch_overlay_values/I10_SHAP_patch_overlay_
values.pdf>
Package pdftex.def Info: ../04_clip_vision_shap_I1_I10_patch_overlay_values/I10
_SHAP_patch_overlay_values.pdf  used on input line 1247.
(pdftex.def)             Requested size: 325.85133pt x 295.14099pt.
 [44

 <../04_clip_vision_shap_I1_I10_patch_overlay_values/I9_SHAP_patch_overlay_valu
es.pdf> <../04_clip_vision_shap_I1_I10_patch_overlay_values/I10_SHAP_patch_over
lay_values.pdf>]
(D:\ALL_Uni_Documents\UB\Courses\TRDP2\report_materials\report\build\main.aux)
 ***********
LaTeX2e <2025-11-01>
L3 programming layer <2025-12-24>
 ***********
Package rerunfilecheck Info: File `main.out' has not changed.
(rerunfilecheck)             Checksum: 77DC8F34347BD4422202FFDF5C03916F;5855.
 ) 
Here is how much of TeX's memory you used:
 17181 strings out of 467871
 329684 string characters out of 5418376
 722543 words of memory out of 5000000
 45397 multiletter control sequences out of 15000+600000
 716829 words of font info for 226 fonts, out of 8000000 for 9000
 1141 hyphenation exceptions out of 8191
 75i,12n,79p,1003b,650s stack positions out of 10000i,1000n,20000p,200000b,200000s
<C:/Users/bdgou/AppData/Local/Programs/MiKTeX/fonts/type1/public/lm/lmbx10.pf
b><C:/Users/bdgou/AppData/Local/Programs/MiKTeX/fonts/type1/public/lm/lmbx12.pf
b><C:/Users/bdgou/AppData/Local/Programs/MiKTeX/fonts/type1/public/lm/lmbx9.pfb
><C:/Users/bdgou/AppData/Local/Programs/MiKTeX/fonts/type1/public/lm/lmex10.pfb
><C:/Users/bdgou/AppData/Local/Programs/MiKTeX/fonts/type1/public/lm/lmmi10.pfb
><C:/Users/bdgou/AppData/Local/Programs/MiKTeX/fonts/type1/public/lm/lmmi8.pfb>
<C:/Users/bdgou/AppData/Local/Programs/MiKTeX/fonts/type1/public/lm/lmr10.pfb><
C:/Users/bdgou/AppData/Local/Programs/MiKTeX/fonts/type1/public/lm/lmr12.pfb><C
:/Users/bdgou/AppData/Local/Programs/MiKTeX/fonts/type1/public/lm/lmr7.pfb><C:/
Users/bdgou/AppData/Local/Programs/MiKTeX/fonts/type1/public/lm/lmr8.pfb><C:/Us
ers/bdgou/AppData/Local/Programs/MiKTeX/fonts/type1/public/lm/lmr9.pfb><C:/User
s/bdgou/AppData/Local/Programs/MiKTeX/fonts/type1/public/lm/lmri10.pfb><C:/User
s/bdgou/AppData/Local/Programs/MiKTeX/fonts/type1/public/lm/lmsy10.pfb><C:/User
s/bdgou/AppData/Local/Programs/MiKTeX/fonts/type1/public/lm/lmsy8.pfb><C:/Users
/bdgou/AppData/Local/Programs/MiKTeX/fonts/type1/public/lm/lmtt10.pfb>
Output written on D:\ALL_Uni_Documents\UB\Courses\TRDP2\report_materials\report
\build\main.pdf (49 pages, 7709346 bytes).
PDF statistics:
 7957 PDF objects out of 8907 (max. 8388607)
 163 named destinations out of 1000 (max. 500000)
 48934 words of extra memory for PDF output out of 51595 (max. 10000000)

